--------- beginning of main
06-22 19:13:07.823   284  6891 I AUDIOALG: AEC: Vol 0, BeamIdx=0 NumActvRef 2
06-22 19:13:07.823   284  6891 I AUDIOALG: VoIP = 0, m_SpeakerSelect = 0, isUsingAdaptRef 0
06-22 19:13:07.823   284  6891 I AUDIOALG: Each number represents average ERLE number of 8 frames(4ms)
06-22 19:13:07.823   284  6891 I AUDIOALG: AEC ATTN (dB)
06-22 19:13:07.823   284  6891 I AUDIOALG:  0.00  0.00  0.00  0.00  0.00  0.00  0.00  0.00
06-22 19:13:07.823   284  6891 I AUDIOALG:  0.00  0.00  0.00  0.00  0.00  0.00  0.00  0.00
06-22 19:13:07.823   284  6891 I AUDIOALG:  0.00  0.00  0.00  0.00  0.00  0.00  0.00  0.00
06-22 19:13:07.823   284  6891 I AUDIOALG:  0.00  0.00  0.00  0.00  0.00  0.00  0.00  0.00
06-22 19:13:07.823   284  6891 I AUDIOALG:  0.00  0.00  0.00  0.00  0.00  0.00  0.00  0.00
06-22 19:13:07.823   284  6891 I AUDIOALG:  0.00  0.00  0.00  0.00  0.00  0.00  0.00  0.00
06-22 19:13:07.823   284  6891 I AUDIOALG:  0.00  0.00  0.00  0.00  0.00  0.00  0.00  0.00
06-22 19:13:07.823   284  6891 I AUDIOALG:  0.00  0.00  0.00  0.00  0.00  0.00  0.00  0.00
06-22 19:13:07.823   284  6891 I AUDIOALG:  0.00  0.00  0.00  0.00  0.00  0.00  0.00  0.00
06-22 19:13:07.823   284  6891 I AUDIOALG:  0.00  0.00  0.00  0.00  0.00  0.00  0.00  0.00
--------- beginning of system
06-22 19:13:08.026   459  3675 W NotificationService: Toast already killed. pkg=com.topjohnwu.magisk callback=android.app.ITransientNotification$Stub$Proxy@69f4bc6
06-22 19:13:08.139  4237  4237 E KeyboardViewController: KeyboardViewController.show():438 Requesting to show sub view with id 2131428318(key_pos_password_header_numbers) which doesn't exist in current keyboard view
06-22 19:13:08.139  4237  4237 E KeyboardViewController: kby
06-22 19:13:08.139  4237  4237 E KeyboardViewController: 	at kop.a(PG:195)
06-22 19:13:08.139  4237  4237 E KeyboardViewController: 	at bty.a(PG:4)
06-22 19:13:08.139  4237  4237 E KeyboardViewController: 	at com.google.android.apps.inputmethod.latin.keyboard.LatinPasswordKeyboard.a(PG:19)
06-22 19:13:08.139  4237  4237 E KeyboardViewController: 	at kiv.a(PG:15)
06-22 19:13:08.139  4237  4237 E KeyboardViewController: 	at kiv.a(PG:38)
06-22 19:13:08.139  4237  4237 E KeyboardViewController: 	at kiu.a(PG:41)
06-22 19:13:08.139  4237  4237 E KeyboardViewController: 	at kiv.a(PG:50)
06-22 19:13:08.139  4237  4237 E KeyboardViewController: 	at kiv.a(PG:69)
06-22 19:13:08.139  4237  4237 E KeyboardViewController: 	at kij.a(PG:280)
06-22 19:13:08.139  4237  4237 E KeyboardViewController: 	at kij.a(PG:279)
06-22 19:13:08.139  4237  4237 E KeyboardViewController: 	at kij.c(PG:158)
06-22 19:13:08.139  4237  4237 E KeyboardViewController: 	at dws.a(PG:287)
06-22 19:13:08.139  4237  4237 E KeyboardViewController: 	at kij.a(PG:72)
06-22 19:13:08.139  4237  4237 E KeyboardViewController: 	at edc.a(PG:8)
06-22 19:13:08.139  4237  4237 E KeyboardViewController: 	at com.google.android.apps.inputmethod.libs.framework.keyboard.handler.BasicMotionEventHandler.a(PG:16)
06-22 19:13:08.139  4237  4237 E KeyboardViewController: 	at een.a(PG:54)
06-22 19:13:08.139  4237  4237 E KeyboardViewController: 	at eeu.a(PG:60)
06-22 19:13:08.139  4237  4237 E KeyboardViewController: 	at eeu.a(PG:122)
06-22 19:13:08.139  4237  4237 E KeyboardViewController: 	at eeu.a(PG:23)
06-22 19:13:08.139  4237  4237 E KeyboardViewController: 	at een.a(PG:75)
06-22 19:13:08.139  4237  4237 E KeyboardViewController: 	at com.google.android.apps.inputmethod.libs.framework.keyboard.handler.BasicMotionEventHandler.e(PG:162)
06-22 19:13:08.139  4237  4237 E KeyboardViewController: 	at com.google.android.apps.inputmethod.libs.framework.keyboard.handler.BasicMotionEventHandler.a(PG:95)
06-22 19:13:08.139  4237  4237 E KeyboardViewController: 	at edd.a(PG:54)
06-22 19:13:08.139  4237  4237 E KeyboardViewController: 	at com.google.android.libraries.inputmethod.widgets.SoftKeyboardView.b(PG:46)
06-22 19:13:08.139  4237  4237 E KeyboardViewController: 	at com.google.android.libraries.inputmethod.widgets.SoftKeyboardView.dispatchTouchEvent(PG:31)
06-22 19:13:08.139  4237  4237 E KeyboardViewController: 	at com.google.android.apps.inputmethod.libs.framework.core.KeyboardViewHolder.dispatchTouchEvent(PG:20)
06-22 19:13:08.139  4237  4237 E KeyboardViewController: 	at android.view.ViewGroup.dispatchTransformedTouchEvent(ViewGroup.java:3030)
06-22 19:13:08.139  4237  4237 E KeyboardViewController: 	at android.view.ViewGroup.dispatchTouchEvent(ViewGroup.java:2662)
06-22 19:13:08.139  4237  4237 E KeyboardViewController: 	at android.view.ViewGroup.dispatchTransformedTouchEvent(ViewGroup.java:3030)
06-22 19:13:08.139  4237  4237 E KeyboardViewController: 	at android.view.ViewGroup.dispatchTouchEvent(ViewGroup.java:2662)
06-22 19:13:08.139  4237  4237 E KeyboardViewController: 	at android.view.ViewGroup.dispatchTransformedTouchEvent(ViewGroup.java:3030)
06-22 19:13:08.139  4237  4237 E KeyboardViewController: 	at android.view.ViewGroup.dispatchTouchEvent(ViewGroup.java:2662)
06-22 19:13:08.139  4237  4237 E KeyboardViewController: 	at android.view.ViewGroup.dispatchTransformedTouchEvent(ViewGroup.java:3030)
06-22 19:13:08.139  4237  4237 E KeyboardViewController: 	at android.view.ViewGroup.dispatchTouchEvent(ViewGroup.java:2662)
06-22 19:13:08.139  4237  4237 E KeyboardViewController: 	at android.view.ViewGroup.dispatchTransformedTouchEvent(ViewGroup.java:3030)
06-22 19:13:08.139  4237  4237 E KeyboardViewController: 	at android.view.ViewGroup.dispatchTouchEvent(ViewGroup.java:2662)
06-22 19:13:08.139  4237  4237 E KeyboardViewController: 	at android.view.ViewGroup.dispatchTransformedTouchEvent(ViewGroup.java:3030)
06-22 19:13:08.139  4237  4237 E KeyboardViewController: 	at android.view.ViewGroup.dispatchTouchEvent(ViewGroup.java:2662)
06-22 19:13:08.139  4237  4237 E KeyboardViewController: 	at android.view.ViewGroup.dispatchTransformedTouchEvent(ViewGroup.java:3030)
06-22 19:13:08.139  4237  4237 E KeyboardViewController: 	at android.view.ViewGroup.dispatchTouchEvent(ViewGroup.java:2662)
06-22 19:13:08.139  4237  4237 E KeyboardViewController: 	at android.view.ViewGroup.dispatchTransformedTouchEvent(ViewGroup.java:3030)
06-22 19:13:08.139  4237  4237 E KeyboardViewController: 	at android.view.ViewGroup.dispatchTouchEvent(ViewGroup.java:2662)
06-22 19:13:08.139  4237  4237 E KeyboardViewController: 	at android.view.ViewGroup.dispatchTransformedTouchEvent(ViewGroup.java:3030)
06-22 19:13:08.139  4237  4237 E KeyboardViewController: 	at android.view.ViewGroup.dispatchTouchEvent(ViewGroup.java:2662)
06-22 19:13:08.139  4237  4237 E KeyboardViewController: 	at com.android.internal.policy.DecorView.superDispatchTouchEvent(DecorView.java:440)
06-22 19:13:08.139  4237  4237 E KeyboardViewController: 	at com.android.internal.policy.PhoneWindow.superDispatchTouchEvent(PhoneWindow.java:1830)
06-22 19:13:08.139  4237  4237 E KeyboardViewController: 	at android.app.Dialog.dispatchTouchEvent(Dialog.java:847)
06-22 19:13:08.139  4237  4237 E KeyboardViewController: 	at android.inputmethodservice.SoftInputWindow.dispatchTouchEvent(SoftInputWindow.java:93)
06-22 19:13:08.139  4237  4237 E KeyboardViewController: 	at com.android.internal.policy.DecorView.dispatchTouchEvent(DecorView.java:398)
06-22 19:13:08.139  4237  4237 E KeyboardViewController: 	at android.view.View.dispatchPointerEvent(View.java:12752)
06-22 19:13:08.139  4237  4237 E KeyboardViewController: 	at android.view.ViewRootImpl$ViewPostImeInputStage.processPointerEvent(ViewRootImpl.java:5113)
06-22 19:13:08.139  4237  4237 E KeyboardViewController: 	at android.view.ViewRootImpl$ViewPostImeInputStage.onProcess(ViewRootImpl.java:4916)
06-22 19:13:08.139  4237  4237 E KeyboardViewController: 	at android.view.ViewRootImpl$InputStage.deliver(ViewRootImpl.java:4433)
06-22 19:13:08.139  4237  4237 E KeyboardViewController: 	at android.view.ViewRootImpl$InputStage.onDeliverToNext(ViewRootImpl.java:4486)
06-22 19:13:08.139  4237  4237 E KeyboardViewController: 	at android.view.ViewRootImpl$InputStage.forward(ViewRootImpl.java:4452)
06-22 19:13:08.139  4237  4237 E KeyboardViewController: 	at android.view.ViewRootImpl$AsyncInputStage.forward(ViewRootImpl.java:4592)
06-22 19:13:08.139  4237  4237 E KeyboardViewController: 	at android.view.ViewRootImpl$InputStage.apply(ViewRootImpl.java:4460)
06-22 19:13:08.139  4237  4237 E KeyboardViewController: 	at android.view.ViewRootImpl$AsyncInputStage.apply(ViewRootImpl.java:4649)
06-22 19:13:08.139  4237  4237 E KeyboardViewController: 	at android.view.ViewRootImpl$InputStage.deliver(ViewRootImpl.java:4433)
06-22 19:13:08.139  4237  4237 E KeyboardViewController: 	at android.view.ViewRootImpl$InputStage.onDeliverToNext(ViewRootImpl.java:4486)
06-22 19:13:08.139  4237  4237 E KeyboardViewController: 	at android.view.ViewRootImpl$InputStage.forward(ViewRootImpl.java:4452)
06-22 19:13:08.139  4237  4237 E KeyboardViewController: 	at android.view.ViewRootImpl$InputStage.apply(ViewRootImpl.java:4460)
06-22 19:13:08.139  4237  4237 E KeyboardViewController: 	at android.view.ViewRootImpl$InputStage.deliver(ViewRootImpl.java:4433)
06-22 19:13:08.140  4237  4237 E KeyboardViewController: 	at android.view.ViewRootImpl.deliverInputEvent(ViewRootImpl.java:7099)
06-22 19:13:08.140  4237  4237 E KeyboardViewController: 	at android.view.ViewRootImpl.doProcessInputEvents(ViewRootImpl.java:7068)
06-22 19:13:08.140  4237  4237 E KeyboardViewController: 	at android.view.ViewRootImpl.enqueueInputEvent(ViewRootImpl.java:7029)
06-22 19:13:08.140  4237  4237 E KeyboardViewController: 	at android.view.ViewRootImpl$WindowInputEventReceiver.onInputEvent(ViewRootImpl.java:7202)
06-22 19:13:08.140  4237  4237 E KeyboardViewController: 	at android.view.InputEventReceiver.dispatchInputEvent(InputEventReceiver.java:186)
06-22 19:13:08.140  4237  4237 E KeyboardViewController: 	at android.os.MessageQueue.nativePollOnce(Native Method)
06-22 19:13:08.140  4237  4237 E KeyboardViewController: 	at android.os.MessageQueue.next(MessageQueue.java:326)
06-22 19:13:08.140  4237  4237 E KeyboardViewController: 	at android.os.Looper.loop(Looper.java:160)
06-22 19:13:08.140  4237  4237 E KeyboardViewController: 	at android.app.ActivityThread.main(ActivityThread.java:6718)
06-22 19:13:08.140  4237  4237 E KeyboardViewController: 	at java.lang.reflect.Method.invoke(Native Method)
06-22 19:13:08.140  4237  4237 E KeyboardViewController: 	at com.android.internal.os.RuntimeInit$MethodAndArgsCaller.run(RuntimeInit.java:491)
06-22 19:13:08.140  4237  4237 E KeyboardViewController: 	at com.android.internal.os.ZygoteInit.main(ZygoteInit.java:858)
06-22 19:13:08.548   286   988 W SurfaceFlinger: Attempting to destroy on removed layer: 3a542d8 Toast#0
06-22 19:13:08.742   283   283 I wmt_launcher: fw log ctrl flag has been set
06-22 19:13:08.743   283   283 I wmt_launcher: fw dynamic ctrl flag has been set
06-22 19:13:09.558   459   482 W WindowManager: Unable to start animation, surface is null or no children.
06-22 19:13:10.270   640   657 I ndroid.systemu: NativeAlloc concurrent copying GC freed 22781(1258KB) AllocSpace objects, 11(448KB) LOS objects, 68% free, 5MB/17MB, paused 137us total 126.533ms
06-22 19:13:10.369   284  6891 I AUDIOALG: AEC: Vol 0, BeamIdx=0 NumActvRef 2
06-22 19:13:10.369   284  6891 I AUDIOALG: VoIP = 0, m_SpeakerSelect = 0, isUsingAdaptRef 0
06-22 19:13:10.369   284  6891 I AUDIOALG: Each number represents average ERLE number of 8 frames(4ms)
06-22 19:13:10.369   284  6891 I AUDIOALG: AEC ATTN (dB)
06-22 19:13:10.369   284  6891 I AUDIOALG:  0.00  0.00  0.00  0.00  0.00  0.00  0.00  0.00
06-22 19:13:10.369   284  6891 I AUDIOALG:  0.00  0.00  0.00  0.00  0.00  0.00  0.00  0.00
06-22 19:13:10.369   284  6891 I AUDIOALG:  0.00  0.00  0.00  0.00  0.00  0.00  0.00  0.00
06-22 19:13:10.369   284  6891 I AUDIOALG:  0.00  0.00  0.00  0.00  0.00  0.00  0.00  0.00
06-22 19:13:10.369   284  6891 I AUDIOALG:  0.00  0.00  0.00  0.00  0.00  0.00  0.00  0.00
06-22 19:13:10.369   284  6891 I AUDIOALG:  0.00  0.00  0.00  0.00  0.00  0.00  0.00  0.00
06-22 19:13:10.369   284  6891 I AUDIOALG:  0.00  0.00  0.00  0.00  0.00  0.00  0.00  0.00
06-22 19:13:10.369   284  6891 I AUDIOALG:  0.00  0.00  0.00  0.00  0.00  0.00  0.00  0.00
06-22 19:13:10.369   284  6891 I AUDIOALG:  0.00  0.00  0.00  0.00  0.00  0.00  0.00  0.00
06-22 19:13:10.369   284  6891 I AUDIOALG:  0.00  0.00  0.00  0.00  0.00  0.00  0.00  0.00
06-22 19:13:10.745   283   283 I wmt_launcher: fw log ctrl flag has been set
06-22 19:13:10.745   283   283 I wmt_launcher: fw dynamic ctrl flag has been set
06-22 19:13:11.130   640   640 V StatusBar: mStatusBarWindow: com.android.systemui.statusbar.phone.StatusBarWindowView{61e86e9 V.ED..... ........ 0,0-800,32} canPanelBeCollapsed(): false
06-22 19:13:11.147   459   547 I ActivityManager: START u0 {act=android.intent.action.MAIN cat=[android.intent.category.HOME] flg=0x10200000 cmp=ch.deletescape.lawnchair.plah/ch.deletescape.lawnchair.LawnchairLauncher (has extras)} from uid 1000
06-22 19:13:11.174 23415 23483 D vndksupport: Loading /vendor/lib/hw/gralloc.mt8163.so from current namespace instead of sphal namespace.
06-22 19:13:11.184 23415 23483 I ConfigStore: android::hardware::configstore::V1_0::ISurfaceFlingerConfigs::hasWideColorDisplay retrieved: 0
06-22 19:13:11.184 23415 23483 I ConfigStore: android::hardware::configstore::V1_0::ISurfaceFlingerConfigs::hasHDRDisplay retrieved: 0
06-22 19:13:11.187 23415 23483 I OpenGLRenderer: Initialized EGL, version 1.4
06-22 19:13:11.187 23415 23483 D OpenGLRenderer: Swap behavior 0
06-22 19:13:11.202   459   547 W InputDispatcher: Excessive delay in interceptKeyBeforeDispatching; took 62 ms
06-22 19:13:11.203 23415 23483 D mali_winsys: EGLint new_window_surface(egl_winsys_display*, void*, EGLSurface, EGLConfig, egl_winsys_surface**, egl_color_buffer_format*, EGLBoolean) returns 0x3000
06-22 19:13:11.221  1166  1166 D Launcher.Utilities: onLauncherStart: 0
06-22 19:13:11.252   286   814 D SurfaceFlinger: duplicate layer name: changing ch.deletescape.lawnchair.plah/ch.deletescape.lawnchair.LawnchairLauncher to ch.deletescape.lawnchair.plah/ch.deletescape.lawnchair.LawnchairLauncher#1
06-22 19:13:11.255  1166  1353 D mali_winsys: EGLint new_window_surface(egl_winsys_display*, void*, EGLSurface, EGLConfig, egl_winsys_surface**, egl_color_buffer_format*, EGLBoolean) returns 0x3000
06-22 19:13:11.287 23415 23483 D mali_winsys: EGLint new_window_surface(egl_winsys_display*, void*, EGLSurface, EGLConfig, egl_winsys_surface**, egl_color_buffer_format*, EGLBoolean) returns 0x3000
06-22 19:13:11.305 23415 23483 D vndksupport: Loading /vendor/lib/hw/android.hardware.graphics.mapper@2.0-impl.so from current namespace instead of sphal namespace.
06-22 19:13:11.305 23415 23483 D vndksupport: Loading /vendor/lib/hw/gralloc.mt8163.so from current namespace instead of sphal namespace.
06-22 19:13:11.309 23415 23483 D vndksupport: Loading /vendor/lib/hw/gralloc.mt8163.so from current namespace instead of sphal namespace.
06-22 19:13:11.310 23415 23483 E ion     : ioctl c0044901 failed with code -1: Invalid argument
06-22 19:13:11.314 23415 23483 D vndksupport: Loading /vendor/lib/hw/gralloc.mt8163.so from current namespace instead of sphal namespace.
06-22 19:13:11.322  4237  4237 I AndroidIME: AbstractIme.onDeactivate():161 PasswordIme.onDeactivate()
06-22 19:13:11.350   640   890 D MALI    : eglCreateImageKHR:513: [Crop] 0 0 37 37  img[37 37] 
06-22 19:13:11.356   640   890 I chatty  : uid=10028(com.android.systemui) RenderThread identical 1 line
06-22 19:13:11.359   640   890 D MALI    : eglCreateImageKHR:513: [Crop] 0 0 37 37  img[37 37] 
06-22 19:13:11.378   286   286 D MALI    : eglCreateImageKHR:513: [Crop] 0 0 800 1280  img[800 1280] 
06-22 19:13:11.388   286   286 D MALI    : eglCreateImageKHR:513: [Crop] 0 0 800 1280  img[800 1280] 
06-22 19:13:11.461   286   286 W [MALI][Gralloc-Warning]: int gralloc_register_buffer(const gralloc_module_t *, buffer_handle_t):99 Registering handle 0xe26725c0 coming from the same process: 286.
06-22 19:13:11.462   286   286 W [MALI][Gralloc-Warning]: int gralloc_register_buffer(const gralloc_module_t *, buffer_handle_t):99 Registering handle 0xe2672d40 coming from the same process: 286.
06-22 19:13:11.478   286   286 W [MALI][Gralloc-Warning]: int gralloc_register_buffer(const gralloc_module_t *, buffer_handle_t):99 Registering handle 0xe2672e00 coming from the same process: 286.
06-22 19:13:11.494   286   286 W [MALI][Gralloc-Warning]: int gralloc_register_buffer(const gralloc_module_t *, buffer_handle_t):99 Registering handle 0xe2672ec0 coming from the same process: 286.
06-22 19:13:11.523   640   657 I ndroid.systemu: NativeAlloc concurrent copying GC freed 1053(152KB) AllocSpace objects, 0(0B) LOS objects, 68% free, 5MB/17MB, paused 132us total 109.985ms
06-22 19:13:11.853   286   988 W SurfaceFlinger: Attempting to set client state on removed layer: com.termux/com.termux.app.TermuxActivity#0
06-22 19:13:11.853   286   988 W SurfaceFlinger: Attempting to destroy on removed layer: com.termux/com.termux.app.TermuxActivity#0
06-22 19:13:11.856   286   374 W SurfaceFlinger: Attempting to set client state on removed layer: com.termux/com.termux.app.TermuxActivity#0
06-22 19:13:11.857   286   374 W SurfaceFlinger: Attempting to destroy on removed layer: com.termux/com.termux.app.TermuxActivity#0
06-22 19:13:11.910   459  2088 I OpenGLRenderer: Initialized EGL, version 1.4
06-22 19:13:11.910   459  2088 D OpenGLRenderer: Swap behavior 0
06-22 19:13:11.920   459  2088 D MALI    : eglCreateImageKHR:513: [Crop] 0 0 800 1280  img[800 1280] 
06-22 19:13:11.928 23415 23446 D StrictMode: StrictMode policy violation: android.os.strictmode.DiskReadViolation
06-22 19:13:11.928 23415 23446 D StrictMode: 	at android.os.StrictMode$AndroidBlockGuardPolicy.onReadFromDisk(StrictMode.java:1504)
06-22 19:13:11.928 23415 23446 D StrictMode: 	at java.io.FileInputStream.<init>(FileInputStream.java:163)
06-22 19:13:11.928 23415 23446 D StrictMode: 	at java.io.FileInputStream.<init>(FileInputStream.java:112)
06-22 19:13:11.928 23415 23446 D StrictMode: 	at com.google.android.apps.gsa.speech.e.b.a.b(SourceFile:3)
06-22 19:13:11.928 23415 23446 D StrictMode: 	at com.google.android.apps.gsa.languagepack.v.<init>(SourceFile:1)
06-22 19:13:11.928 23415 23446 D StrictMode: 	at com.google.android.apps.gsa.binaries.velvet.app.apn.hJ(SourceFile:4138)
06-22 19:13:11.928 23415 23446 D StrictMode: 	at com.google.android.apps.gsa.binaries.velvet.app.pj.a(SourceFile:54)
06-22 19:13:11.928 23415 23446 D StrictMode: 	at com.google.android.apps.gsa.binaries.velvet.app.pj.d(SourceFile:26)
06-22 19:13:11.928 23415 23446 D StrictMode: 	at com.google.android.apps.gsa.binaries.velvet.app.yo.d(SourceFile:923)
06-22 19:13:11.928 23415 23446 D StrictMode: 	at com.google.android.apps.gsa.binaries.velvet.app.yo.a(SourceFile:166)
06-22 19:13:11.928 23415 23446 D StrictMode: 	at com.google.android.apps.gsa.search.core.service.g.a.c.a(Unknown Source:14)
06-22 19:13:11.928 23415 23446 D StrictMode: 	at com.google.android.libraries.gsa.l.a.n.a(Unknown Source:8)
06-22 19:13:11.928 23415 23446 D StrictMode: 	at com.google.common.v.a.dm.b(Unknown Source:2)
06-22 19:13:11.928 23415 23446 D StrictMode: 	at com.google.common.v.a.cg.run(SourceFile:11)
06-22 19:13:11.928 23415 23446 D StrictMode: 	at com.google.common.v.a.do.run(SourceFile:8)
06-22 19:13:11.928 23415 23446 D StrictMode: 	at com.google.apps.tiktok.concurrent.aq.run(SourceFile:1)
06-22 19:13:11.928 23415 23446 D StrictMode: 	at java.util.concurrent.ThreadPoolExecutor.runWorker(ThreadPoolExecutor.java:1167)
06-22 19:13:11.928 23415 23446 D StrictMode: 	at java.util.concurrent.ThreadPoolExecutor$Worker.run(ThreadPoolExecutor.java:641)
06-22 19:13:11.928 23415 23446 D StrictMode: 	at com.google.apps.tiktok.concurrent.f.run(Unknown Source:24)
06-22 19:13:11.928 23415 23446 D StrictMode: 	at java.lang.Thread.run(Thread.java:764)
06-22 19:13:11.929 23415 23446 D StrictMode: StrictMode policy violation: android.os.strictmode.DiskReadViolation
06-22 19:13:11.929 23415 23446 D StrictMode: 	at android.os.StrictMode$AndroidBlockGuardPolicy.onReadFromDisk(StrictMode.java:1504)
06-22 19:13:11.929 23415 23446 D StrictMode: 	at libcore.io.BlockGuardOs.read(BlockGuardOs.java:253)
06-22 19:13:11.929 23415 23446 D StrictMode: 	at libcore.io.IoBridge.read(IoBridge.java:501)
06-22 19:13:11.929 23415 23446 D StrictMode: 	at java.io.FileInputStream.read(FileInputStream.java:307)
06-22 19:13:11.929 23415 23446 D StrictMode: 	at sun.nio.cs.StreamDecoder.readBytes(StreamDecoder.java:288)
06-22 19:13:11.929 23415 23446 D StrictMode: 	at sun.nio.cs.StreamDecoder.implRead(StreamDecoder.java:351)
06-22 19:13:11.929 23415 23446 D StrictMode: 	at sun.nio.cs.StreamDecoder.read(StreamDecoder.java:180)
06-22 19:13:11.929 23415 23446 D StrictMode: 	at java.io.InputStreamReader.read(InputStreamReader.java:184)
06-22 19:13:11.929 23415 23446 D StrictMode: 	at java.io.BufferedReader.fill(BufferedReader.java:172)
06-22 19:13:11.929 23415 23446 D StrictMode: 	at java.io.BufferedReader.readLine(BufferedReader.java:335)
06-22 19:13:11.929 23415 23446 D StrictMode: 	at java.io.BufferedReader.readLine(BufferedReader.java:400)
06-22 19:13:11.929 23415 23446 D StrictMode: 	at com.google.android.apps.gsa.speech.e.b.a.b(SourceFile:4)
06-22 19:13:11.929 23415 23446 D StrictMode: 	at com.google.android.apps.gsa.languagepack.v.<init>(SourceFile:1)
06-22 19:13:11.929 23415 23446 D StrictMode: 	at com.google.android.apps.gsa.binaries.velvet.app.apn.hJ(SourceFile:4138)
06-22 19:13:11.929 23415 23446 D StrictMode: 	at com.google.android.apps.gsa.binaries.velvet.app.pj.a(SourceFile:54)
06-22 19:13:11.929 23415 23446 D StrictMode: 	at com.google.android.apps.gsa.binaries.velvet.app.pj.d(SourceFile:26)
06-22 19:13:11.929 23415 23446 D StrictMode: 	at com.google.android.apps.gsa.binaries.velvet.app.yo.d(SourceFile:923)
06-22 19:13:11.929 23415 23446 D StrictMode: 	at com.google.android.apps.gsa.binaries.velvet.app.yo.a(SourceFile:166)
06-22 19:13:11.929 23415 23446 D StrictMode: 	at com.google.android.apps.gsa.search.core.service.g.a.c.a(Unknown Source:14)
06-22 19:13:11.929 23415 23446 D StrictMode: 	at com.google.android.libraries.gsa.l.a.n.a(Unknown Source:8)
06-22 19:13:11.929 23415 23446 D StrictMode: 	at com.google.common.v.a.dm.b(Unknown Source:2)
06-22 19:13:11.929 23415 23446 D StrictMode: 	at com.google.common.v.a.cg.run(SourceFile:11)
06-22 19:13:11.929 23415 23446 D StrictMode: 	at com.google.common.v.a.do.run(SourceFile:8)
06-22 19:13:11.929 23415 23446 D StrictMode: 	at com.google.apps.tiktok.concurrent.aq.run(SourceFile:1)
06-22 19:13:11.929 23415 23446 D StrictMode: 	at java.util.concurrent.ThreadPoolExecutor.runWorker(ThreadPoolExecutor.java:1167)
06-22 19:13:11.929 23415 23446 D StrictMode: 	at java.util.concurrent.ThreadPoolExecutor$Worker.run(ThreadPoolExecutor.java:641)
06-22 19:13:11.929 23415 23446 D StrictMode: 	at com.google.apps.tiktok.concurrent.f.run(Unknown Source:24)
06-22 19:13:11.929 23415 23446 D StrictMode: 	at java.lang.Thread.run(Thread.java:764)
06-22 19:13:11.964 23415 23446 W ThreadPoolDumper: Queue length for executor EventBus is now 11. Perhaps some tasks are too long, or the pool is too small.
06-22 19:13:12.124 23415 23415 I BgTaskExecutorImpl: Starting EXCLUSIVE background task TNG_MINUS_ONE_SYNC.
06-22 19:13:12.251  9183  9721 I Icing   : IndexChimeraService.getServiceInterface callingPackage=com.google.android.googlequicksearchbox componentName=null serviceId=36
06-22 19:13:12.293 23415 23457 I MicroDetectionState: Should stop hotword detection immediately - false
06-22 19:13:12.672   459  3673 D ConnectivityService: requestNetwork for uid/pid:10018/23415 NetworkRequest [ TRACK_DEFAULT id=2192, [ Capabilities: INTERNET&NOT_RESTRICTED&TRUSTED Unwanted:  Uid: 10018] ]
06-22 19:13:12.674   459   596 D Ethernet: got request NetworkRequest [ TRACK_DEFAULT id=2192, [ Capabilities: INTERNET&NOT_RESTRICTED&TRUSTED Unwanted:  Uid: 10018] ] with score 60
06-22 19:13:12.674   459   561 D WIFI    : got request NetworkRequest [ TRACK_DEFAULT id=2192, [ Capabilities: INTERNET&NOT_RESTRICTED&TRUSTED Unwanted:  Uid: 10018] ] with score 60
06-22 19:13:12.675   459   561 D WIFI_UT : got request NetworkRequest [ TRACK_DEFAULT id=2192, [ Capabilities: INTERNET&NOT_RESTRICTED&TRUSTED Unwanted:  Uid: 10018] ] with score 60
06-22 19:13:12.689   459   476 I ActivityManager: Start proc 23598:com.google.process.gapps/u0a21 for content provider com.google.android.gsf/.settings.GoogleSettingsProvider
06-22 19:13:12.692 23415 23457 I TngMinusOneSync: Syncing TNG:-1
06-22 19:13:12.725   760   760 D PhoneSwitcherNetworkRequstListener: got request NetworkRequest [ TRACK_DEFAULT id=2192, [ Capabilities: INTERNET&NOT_RESTRICTED&TRUSTED Unwanted:  Uid: 10018] ] with score 60
06-22 19:13:12.728 23415 23570 W ConnectionTracker: Exception thrown while unbinding
06-22 19:13:12.728 23415 23570 W ConnectionTracker: java.lang.IllegalArgumentException: Service not registered: lt@9b4ecb5
06-22 19:13:12.728 23415 23570 W ConnectionTracker: 	at android.app.LoadedApk.forgetServiceDispatcher(LoadedApk.java:1562)
06-22 19:13:12.728 23415 23570 W ConnectionTracker: 	at android.app.ContextImpl.unbindService(ContextImpl.java:1692)
06-22 19:13:12.728 23415 23570 W ConnectionTracker: 	at android.content.ContextWrapper.unbindService(ContextWrapper.java:717)
06-22 19:13:12.728 23415 23570 W ConnectionTracker: 	at cg.b(:com.google.android.gms.dynamite_measurementdynamite@202413061@20.24.13 (100300-0):1)
06-22 19:13:12.728 23415 23570 W ConnectionTracker: 	at cg.a(:com.google.android.gms.dynamite_measurementdynamite@202413061@20.24.13 (100300-0):6)
06-22 19:13:12.728 23415 23570 W ConnectionTracker: 	at lu.A(:com.google.android.gms.dynamite_measurementdynamite@202413061@20.24.13 (100300-0):10)
06-22 19:13:12.728 23415 23570 W ConnectionTracker: 	at lf.a(:com.google.android.gms.dynamite_measurementdynamite@202413061@20.24.13 (100300-0):3)
06-22 19:13:12.728 23415 23570 W ConnectionTracker: 	at dz.run(:com.google.android.gms.dynamite_measurementdynamite@202413061@20.24.13 (100300-0):3)
06-22 19:13:12.728 23415 23570 W ConnectionTracker: 	at java.util.concurrent.Executors$RunnableAdapter.call(Executors.java:458)
06-22 19:13:12.728 23415 23570 W ConnectionTracker: 	at java.util.concurrent.FutureTask.run(FutureTask.java:266)
06-22 19:13:12.728 23415 23570 W ConnectionTracker: 	at ja.run(:com.google.android.gms.dynamite_measurementdynamite@202413061@20.24.13 (100300-0):6)
06-22 19:13:12.746   283   283 I wmt_launcher: fw log ctrl flag has been set
06-22 19:13:12.747   283   283 I wmt_launcher: fw dynamic ctrl flag has been set
06-22 19:13:12.762  9183  9400 I GmsCoreXrpcWrapper: Returning a channel provider with trafficStatsTag=12803
06-22 19:13:12.781 23415 23451 I cr_CronetLibraryLoader: Cronet version: 85.0.4162.4, arch: armv8l
06-22 19:13:12.834 23598 23598 I Zygote  : seccomp disabled by setenforce 0
06-22 19:13:12.882 23415 23591 E NotificationStore: Error reading notifications from disk
06-22 19:13:12.896 23415 23591 I EngineIdGenerator: Refusing EXCLUSIVE task 43, it is already pending. Try again in 1428 seconds.
06-22 19:13:12.927 23598 23598 E e.process.gapp: Not starting debugger since process cannot load the jdwp agent.
06-22 19:13:12.944   284  6891 I AUDIOALG: AEC: Vol 0, BeamIdx=0 NumActvRef 2
06-22 19:13:12.944   284  6891 I AUDIOALG: VoIP = 0, m_SpeakerSelect = 0, isUsingAdaptRef 0
06-22 19:13:12.944   284  6891 I AUDIOALG: Each number represents average ERLE number of 8 frames(4ms)
06-22 19:13:12.944   284  6891 I AUDIOALG: AEC ATTN (dB)
06-22 19:13:12.944   284  6891 I AUDIOALG:  0.00  0.00  0.00  0.00  0.00  0.00  0.00  0.00
06-22 19:13:12.944   284  6891 I AUDIOALG:  0.00  0.00  0.00  0.00  0.00  0.00  0.00  0.00
06-22 19:13:12.944   284  6891 I AUDIOALG:  0.00  0.00  0.00  0.00  0.00  0.00  0.00  0.00
06-22 19:13:12.944   284  6891 I AUDIOALG:  0.00  0.00  0.00  0.00  0.00  0.00  0.00  0.00
06-22 19:13:12.944   284  6891 I AUDIOALG:  0.00  0.00  0.00  0.00  0.00  0.00  0.00  0.00
06-22 19:13:12.944   284  6891 I AUDIOALG:  0.00  0.00  0.00  0.00  0.00  0.00  0.00  0.00
06-22 19:13:12.944   284  6891 I AUDIOALG:  0.00  0.00  0.00  0.00  0.00  0.00  0.00  0.00
06-22 19:13:12.944   284  6891 I AUDIOALG:  0.00  0.00  0.00  0.00  0.00  0.00  0.00  0.00
06-22 19:13:12.944   284  6891 I AUDIOALG:  0.00  0.00  0.00  0.00  0.00  0.00  0.00  0.00
06-22 19:13:12.944   284  6891 I AUDIOALG:  0.00  0.00  0.00  0.00  0.00  0.00  0.00  0.00
06-22 19:13:12.967 23415 23415 I BgTaskExecutorImpl: Starting EXCLUSIVE background task WEAR_STATUS_SYNCER_UPDATE_OPT_IN_STATUS_IF_CHANGED.
06-22 19:13:13.003  9183  9821 I Icing   : IndexChimeraService.getServiceInterface callingPackage=com.google.android.gms componentName=null serviceId=30
06-22 19:13:13.194   459  3182 I ActivityManager: START u0 {act=android.intent.action.MAIN cat=[android.intent.category.LAUNCHER] flg=0x10200000 cmp=com.vanced.manager/.ui.core.SplashScreenActivity bnds=[272,912][400,1064]} from uid 10093
06-22 19:13:13.400 23415 23426 I earchbox:searc: Background concurrent copying GC freed 50613(2MB) AllocSpace objects, 7(204KB) LOS objects, 66% free, 5MB/17MB, paused 4.613ms total 293.045ms
06-22 19:13:13.570   459  5149 W system_server: Long monitor contention with owner Binder:459_F (3182) at int com.android.server.am.ActivityStarter.startActivityMayWait(android.app.IApplicationThread, int, java.lang.String, int, int, android.content.Intent, java.lang.String, android.service.voice.IVoiceInteractionSession, com.android.internal.app.IVoiceInteractor, android.os.IBinder, java.lang.String, int, int, android.app.ProfilerInfo, android.app.WaitResult, android.content.res.Configuration, com.android.server.am.SafeActivityOptions, boolean, int, com.android.server.am.TaskRecord, java.lang.String, boolean, com.android.server.am.PendingIntentRecord)(ActivityStarter.java:1088) waiters=0 in int com.android.server.am.ActivityManagerService.bindService(android.app.IApplicationThread, android.os.IBinder, android.content.Intent, java.lang.String, android.app.IServiceConnection, int, java.lang.String, int) for 319ms
06-22 19:13:13.578   459   459 W system_server: Long monitor contention with owner Binder:459_F (3182) at int com.android.server.am.ActivityStarter.startActivityMayWait(android.app.IApplicationThread, int, java.lang.String, int, int, android.content.Intent, java.lang.String, android.service.voice.IVoiceInteractionSession, com.android.internal.app.IVoiceInteractor, android.os.IBinder, java.lang.String, int, int, android.app.ProfilerInfo, android.app.WaitResult, android.content.res.Configuration, com.android.server.am.SafeActivityOptions, boolean, int, com.android.server.am.TaskRecord, java.lang.String, boolean, com.android.server.am.PendingIntentRecord)(ActivityStarter.java:1088) waiters=1 in int com.android.server.am.ActivityManagerService.broadcastIntent(android.app.IApplicationThread, android.content.Intent, java.lang.String, android.content.IIntentReceiver, int, java.lang.String, android.os.Bundle, java.lang.String[], int, android.os.Bundle, boolean, boolean, int) for 248ms
06-22 19:13:13.578   459   459 W Looper  : Slow dispatch took 248ms main h=android.os.Handler c=com.android.server.-$$Lambda$BatteryService$2x73lvpB0jctMSVP4qb9sHAqRPw@aefc810 m=0
06-22 19:13:13.578   459  3673 W system_server: Long monitor contention with owner Binder:459_F (3182) at int com.android.server.am.ActivityStarter.startActivityMayWait(android.app.IApplicationThread, int, java.lang.String, int, int, android.content.Intent, java.lang.String, android.service.voice.IVoiceInteractionSession, com.android.internal.app.IVoiceInteractor, android.os.IBinder, java.lang.String, int, int, android.app.ProfilerInfo, android.app.WaitResult, android.content.res.Configuration, com.android.server.am.SafeActivityOptions, boolean, int, com.android.server.am.TaskRecord, java.lang.String, boolean, com.android.server.am.PendingIntentRecord)(ActivityStarter.java:1088) waiters=2 in android.content.IIntentSender com.android.server.am.ActivityManagerService.getIntentSender(int, java.lang.String, android.os.IBinder, java.lang.String, int, android.content.Intent[], java.lang.String[], int, android.os.Bundle, int) for 114ms
06-22 19:13:13.578   459   459 W Looper  : Slow delivery took 249ms main h=android.os.Handler c=com.android.server.-$$Lambda$BatteryService$D1kwd7L7yyqN5niz3KWkTepVmUk@36d3f09 m=0
06-22 19:13:13.579   459   459 W Looper  : Drained
06-22 19:13:13.664   459   476 I ActivityManager: Start proc 23621:com.google.android.apps.turbo/u0a44 for broadcast com.google.android.apps.turbo/.nudges.broadcasts.BatteryStatusChangedReceiver
06-22 19:13:13.690   459   476 I ActivityManager: Start proc 23626:com.vanced.manager/u0a207 for activity com.vanced.manager/.ui.core.SplashScreenActivity
06-22 19:13:13.696 23621 23621 I Zygote  : seccomp disabled by setenforce 0
06-22 19:13:13.696 23626 23626 I Zygote  : seccomp disabled by setenforce 0
06-22 19:13:13.701 23626 23626 I .vanced.manage: Late-enabling -Xcheck:jni
06-22 19:13:13.702 23621 23621 E roid.apps.turb: Not starting debugger since process cannot load the jdwp agent.
06-22 19:13:13.703   459   459 W WindowManager: removeWindowToken: Attempted to remove non-existing token: android.os.Binder@660fe9c
06-22 19:13:13.716   972   972 I Wear_Controller: Wear requires a companion app to be installed.
06-22 19:13:13.716   972   972 I WearableService: onCreate: Wearable Services not starting. Wear is not available on this device.
06-22 19:13:13.791   972  1008 W WearableService: onGetService: Wear is not available on this device.
06-22 19:13:13.816 23415 23591 W earchbox:searc: Long monitor contention with owner Blocking Thread #4 (23592) at void com.google.android.apps.gsa.l.d.a(com.google.android.apps.gsa.l.c)(SourceFile:7) waiters=0 in void com.google.android.apps.gsa.l.d.a(com.google.android.apps.gsa.l.c) for 663ms
06-22 19:13:13.890 23598 23598 I GoogleHttpClient: GMS http client unavailable, use old client
06-22 19:13:13.964 23415 23488 W WearStatusSyncerImpl: Error while sending opt-in status
06-22 19:13:13.964 23415 23488 W WearStatusSyncerImpl: com.google.android.apps.gsa.shared.r.b: Failed to connect: 16
06-22 19:13:13.964 23415 23488 W WearStatusSyncerImpl: 	at com.google.android.apps.gsa.shared.r.c.a(SourceFile:58)
06-22 19:13:13.964 23415 23488 W WearStatusSyncerImpl: 	at com.google.android.apps.gsa.staticplugins.z.c.c(SourceFile:6)
06-22 19:13:13.964 23415 23488 W WearStatusSyncerImpl: 	at com.google.android.apps.gsa.clockwork.b.a(Unknown Source:2)
06-22 19:13:13.964 23415 23488 W WearStatusSyncerImpl: 	at com.google.android.apps.gsa.staticplugins.t.b.a.a(SourceFile:2)
06-22 19:13:13.964 23415 23488 W WearStatusSyncerImpl: 	at com.google.android.apps.gsa.staticplugins.t.b.b.a(Unknown Source:8)
06-22 19:13:13.964 23415 23488 W WearStatusSyncerImpl: 	at com.google.android.libraries.gsa.l.a.n.a(Unknown Source:8)
06-22 19:13:13.964 23415 23488 W WearStatusSyncerImpl: 	at com.google.common.v.a.dm.b(Unknown Source:2)
06-22 19:13:13.964 23415 23488 W WearStatusSyncerImpl: 	at com.google.common.v.a.cg.run(SourceFile:11)
06-22 19:13:13.964 23415 23488 W WearStatusSyncerImpl: 	at com.google.common.v.a.do.run(SourceFile:8)
06-22 19:13:13.964 23415 23488 W WearStatusSyncerImpl: 	at com.google.apps.tiktok.concurrent.aq.run(SourceFile:1)
06-22 19:13:13.964 23415 23488 W WearStatusSyncerImpl: 	at java.util.concurrent.ThreadPoolExecutor.runWorker(ThreadPoolExecutor.java:1167)
06-22 19:13:13.964 23415 23488 W WearStatusSyncerImpl: 	at java.util.concurrent.ThreadPoolExecutor$Worker.run(ThreadPoolExecutor.java:641)
06-22 19:13:13.964 23415 23488 W WearStatusSyncerImpl: 	at com.google.apps.tiktok.concurrent.f.run(Unknown Source:24)
06-22 19:13:13.964 23415 23488 W WearStatusSyncerImpl: 	at java.lang.Thread.run(Thread.java:764)
06-22 19:13:14.125  9183  9400 D SharedPreferencesImpl: Time required to fsync /data/user/0/com.google.android.gms/shared_prefs/usage_stats_manager_prefs.xml: [<1: 0, <2: 0, <4: 0, <8: 0, <16: 2, <32: 0, <64: 1, <128: 0, <256: 1, <512: 2, <1024: 2, <2048: 1, <4096: 0, <8192: 0, <16384: 0, >=16384: 0]
06-22 19:13:14.125 23415 23488 W earchbox:searc: Long monitor contention with owner Blocking Thread #5 (23591) at void com.google.android.apps.gsa.l.d.a(com.google.android.apps.gsa.l.c)(SourceFile:7) waiters=0 in void com.google.android.apps.gsa.l.d.a(com.google.android.apps.gsa.l.c) for 150ms
06-22 19:13:14.426   286   286 W [MALI][Gralloc-Warning]: int gralloc_register_buffer(const gralloc_module_t *, buffer_handle_t):99 Registering handle 0xe2671840 coming from the same process: 286.
06-22 19:13:14.432   286   286 D MALI    : eglCreateImageKHR:513: [Crop] 0 0 800 1280  img[800 1280] 
06-22 19:13:14.442  9183  9206 I gle.android.gm: Background concurrent copying GC freed 109100(6MB) AllocSpace objects, 85(3MB) LOS objects, 71% free, 4MB/16MB, paused 2.076ms total 209.981ms
06-22 19:13:14.566  9183  9400 I Icing   : Usage reports ok 1, Failed Usage reports 0, indexed 0, rejected 0
06-22 19:13:14.589  9183  9400 I GmsCoreXrpcWrapper: Returning a channel provider with trafficStatsTag=12803
06-22 19:13:14.732 23621 23663 W roid.apps.turb: Unsupported class loader
06-22 19:13:14.749 23621 23663 W roid.apps.turb: Skipping duplicate class check due to unsupported classloader
06-22 19:13:14.749   283   283 I wmt_launcher: fw log ctrl flag has been set
06-22 19:13:14.750   283   283 I wmt_launcher: fw dynamic ctrl flag has been set
06-22 19:13:14.772  9183  9400 I Icing   : Usage reports ok 1, Failed Usage reports 0, indexed 0, rejected 0
06-22 19:13:14.917 23621 23663 W DynamiteModule: Local module descriptor class for com.google.android.gms.crash not found.
06-22 19:13:14.975 23621 23663 W roid.apps.turb: Unsupported class loader
06-22 19:13:14.986 23621 23663 W roid.apps.turb: Skipping duplicate class check due to unsupported classloader
06-22 19:13:15.015 23621 23663 I FirebaseCrashApiImpl: FirebaseCrashApiImpl created by ClassLoader ay[DexPathList[[zip file "/data/user_de/0/com.google.android.gms/app_chimera/m/00000014/DynamiteModulesC.apk"],nativeLibraryDirectories=[/data/user_de/0/com.google.android.gms/app_chimera/m/00000014/DynamiteModulesC.apk!/lib/armeabi-v7a, /data/user_de/0/com.google.android.gms/app_chimera/m/00000014/DynamiteModulesC.apk!/lib/armeabi, /system/lib, /vendor/lib]]]
06-22 19:13:15.029 23621 23664 I DynamiteModule: Considering local module com.google.android.gms.flags:3 and remote module com.google.android.gms.flags:3
06-22 19:13:15.029 23621 23664 I DynamiteModule: Selected local version of com.google.android.gms.flags
06-22 19:13:15.038 23621 23664 W DynamiteModule: Local module descriptor class for com.google.android.gms.crash not found.
06-22 19:13:15.112 23621 23664 I FirebaseCrashApiImpl: FirebaseCrash reporting API initialized
06-22 19:13:15.114 23621 23664 W FirebaseCrashAnalytics: Unable to log event, missing Google Analytics for Firebase library
06-22 19:13:15.505   284  6891 I AUDIOALG: AEC: Vol 0, BeamIdx=0 NumActvRef 2
06-22 19:13:15.506   284  6891 I AUDIOALG: VoIP = 0, m_SpeakerSelect = 0, isUsingAdaptRef 0
06-22 19:13:15.506   284  6891 I AUDIOALG: Each number represents average ERLE number of 8 frames(4ms)
06-22 19:13:15.506   284  6891 I AUDIOALG: AEC ATTN (dB)
06-22 19:13:15.506   284  6891 I AUDIOALG:  0.00  0.00  0.00  0.00  0.00  0.00  0.00  0.00
06-22 19:13:15.506   284  6891 I AUDIOALG:  0.00  0.00  0.00  0.00  0.00  0.00  0.00  0.00
06-22 19:13:15.506   284  6891 I AUDIOALG:  0.00  0.00  0.00  0.00  0.00  0.00  0.00  0.00
06-22 19:13:15.506   284  6891 I AUDIOALG:  0.00  0.00  0.00  0.00  0.00  0.00  0.00  0.00
06-22 19:13:15.506   284  6891 I AUDIOALG:  0.00  0.00  0.00  0.00  0.00  0.00  0.00  0.00
06-22 19:13:15.506   284  6891 I AUDIOALG:  0.00  0.00  0.00  0.00  0.00  0.00  0.00  0.00
06-22 19:13:15.506   284  6891 I AUDIOALG:  0.00  0.00  0.00  0.00  0.00  0.00  0.00  0.00
06-22 19:13:15.506   284  6891 I AUDIOALG:  0.00  0.00  0.00  0.00  0.00  0.00  0.00  0.00
06-22 19:13:15.506   284  6891 I AUDIOALG:  0.00  0.00  0.00  0.00  0.00  0.00  0.00  0.00
06-22 19:13:15.506   284  6891 I AUDIOALG:  0.00  0.00  0.00  0.00  0.00  0.00  0.00  0.00
06-22 19:13:15.589 23626 23626 W .vanced.manage: Accessing hidden method Landroid/graphics/drawable/Drawable;->getOpticalInsets()Landroid/graphics/Insets; (light greylist, linking)
06-22 19:13:15.589 23626 23626 W .vanced.manage: Accessing hidden field Landroid/graphics/Insets;->left:I (light greylist, linking)
06-22 19:13:15.589 23626 23626 W .vanced.manage: Accessing hidden field Landroid/graphics/Insets;->right:I (light greylist, linking)
06-22 19:13:15.589 23626 23626 W .vanced.manage: Accessing hidden field Landroid/graphics/Insets;->top:I (light greylist, linking)
06-22 19:13:15.589 23626 23626 W .vanced.manage: Accessing hidden field Landroid/graphics/Insets;->bottom:I (light greylist, linking)
06-22 19:13:15.628   459  3672 I ActivityManager: START u0 {cmp=com.vanced.manager/.ui.MainActivity} from uid 10207
06-22 19:13:15.770 23626 23626 W ActivityThread: handleWindowVisibility: no activity for token android.os.BinderProxy@fed44fe
06-22 19:13:15.863 23626 23626 W .vanced.manage: Accessing hidden method Landroid/view/View;->getAccessibilityDelegate()Landroid/view/View$AccessibilityDelegate; (light greylist, linking)
06-22 19:13:15.885 23626 23626 W .vanced.manage: Accessing hidden method Landroid/view/View;->computeFitSystemWindows(Landroid/graphics/Rect;Landroid/graphics/Rect;)Z (light greylist, reflection)
06-22 19:13:15.887 23626 23626 W .vanced.manage: Accessing hidden method Landroid/view/ViewGroup;->makeOptionalFitsSystemWindows()V (light greylist, reflection)
06-22 19:13:16.186 23626 23626 W .vanced.manage: Accessing hidden method Landroid/widget/TextView;->getTextDirectionHeuristic()Landroid/text/TextDirectionHeuristic; (light greylist, linking)
06-22 19:13:16.331 23626 23626 W .vanced.manage: Accessing hidden method Landroid/graphics/FontFamily;-><init>()V (light greylist, reflection)
06-22 19:13:16.331 23626 23626 W .vanced.manage: Accessing hidden method Landroid/graphics/FontFamily;->addFontFromAssetManager(Landroid/content/res/AssetManager;Ljava/lang/String;IZIII[Landroid/graphics/fonts/FontVariationAxis;)Z (light greylist, reflection)
06-22 19:13:16.331 23626 23626 W .vanced.manage: Accessing hidden method Landroid/graphics/FontFamily;->addFontFromBuffer(Ljava/nio/ByteBuffer;I[Landroid/graphics/fonts/FontVariationAxis;II)Z (light greylist, reflection)
06-22 19:13:16.331 23626 23626 W .vanced.manage: Accessing hidden method Landroid/graphics/FontFamily;->freeze()Z (light greylist, reflection)
06-22 19:13:16.332 23626 23626 W .vanced.manage: Accessing hidden method Landroid/graphics/FontFamily;->abortCreation()V (light greylist, reflection)
06-22 19:13:16.332 23626 23626 W .vanced.manage: Accessing hidden method Landroid/graphics/Typeface;->createFromFamiliesWithDefault([Landroid/graphics/FontFamily;Ljava/lang/String;II)Landroid/graphics/Typeface; (light greylist, reflection)
06-22 19:13:16.445  9183 10522 I FontLog : Received query name=Exo&weight=600, URI content://com.google.android.gms.fonts [CONTEXT service_id=132 ]
06-22 19:13:16.490  9183 10522 I FontLog : Query [name=Exo&weight=600] resolved to {Exo, wdth 100.0, wght 600, ital 0.0, bestEffort false} [CONTEXT service_id=132 ]
06-22 19:13:16.504   459   568 D NsdService: Client disconnected
06-22 19:13:16.505   459  3672 I ActivityManager: Process com.mgoogle.android.gms (pid 9322) has died: cch+4CEM 
06-22 19:13:16.515  9183 10522 I FontLog : Fetch {Exo, wdth 100.0, wght 600, ital 0.0, bestEffort false} end status Status{statusCode=SUCCESS, resolution=null} [CONTEXT service_id=132 ]
06-22 19:13:16.524   459   568 D NsdService: Client disconnected
06-22 19:13:16.525   459   568 D NsdService: mdnssd [stop-service]
06-22 19:13:16.528   246   246 I Zygote  : Process 9322 exited due to signal (9)
06-22 19:13:16.528   459   477 W libprocessgroup: kill(-9322, 9) failed: No such process
06-22 19:13:16.528   459   477 I libprocessgroup: Successfully killed process cgroup uid 10208 pid 9322 in 0ms
06-22 19:13:16.538   245   365 D MDnsDS  : Stopping MDNSD
06-22 19:13:16.541  9183 10522 I FontLog : Pulling font file for id = 2, cache size = 2 [CONTEXT service_id=132 ]
06-22 19:13:16.711  9183 10522 I FontLog : Received query Exo, URI content://com.google.android.gms.fonts [CONTEXT service_id=132 ]
06-22 19:13:16.711  9183 10522 I FontLog : Query [Exo] resolved to {Exo, wdth 100.0, wght 400, ital 0.0, bestEffort false} [CONTEXT service_id=132 ]
06-22 19:13:16.712  9183 10522 I FontLog : Fetch {Exo, wdth 100.0, wght 400, ital 0.0, bestEffort false} end status Status{statusCode=SUCCESS, resolution=null} [CONTEXT service_id=132 ]
06-22 19:13:16.726  9183 10522 I FontLog : Pulling font file for id = 3, cache size = 3 [CONTEXT service_id=132 ]
06-22 19:13:16.752   283   283 I wmt_launcher: fw log ctrl flag has been set
06-22 19:13:16.752   283   283 I wmt_launcher: fw dynamic ctrl flag has been set
06-22 19:13:17.879 23626 23678 D NetworkSecurityConfig: No Network Security Config specified, using platform default
06-22 19:13:18.064   284  6891 I AUDIOALG: AEC: Vol 0, BeamIdx=0 NumActvRef 2
06-22 19:13:18.065   284  6891 I AUDIOALG: VoIP = 0, m_SpeakerSelect = 0, isUsingAdaptRef 0
06-22 19:13:18.065   284  6891 I AUDIOALG: Each number represents average ERLE number of 8 frames(4ms)
06-22 19:13:18.065   284  6891 I AUDIOALG: AEC ATTN (dB)
06-22 19:13:18.065   284  6891 I AUDIOALG:  0.00  0.00  0.00  0.00  0.00  0.00  0.00  0.00
06-22 19:13:18.065   284  6891 I AUDIOALG:  0.00  0.00  0.00  0.00  0.00  0.00  0.00  0.00
06-22 19:13:18.065   284  6891 I AUDIOALG:  0.00  0.00  0.00  0.00  0.00  0.00  0.00  0.00
06-22 19:13:18.065   284  6891 I AUDIOALG:  0.00  0.00  0.00  0.00  0.00  0.00  0.00  0.00
06-22 19:13:18.065   284  6891 I AUDIOALG:  0.00  0.00  0.00  0.00  0.00  0.00  0.00  0.00
06-22 19:13:18.065   284  6891 I AUDIOALG:  0.00  0.00  0.00  0.00  0.00  0.00  0.00  0.00
06-22 19:13:18.065   284  6891 I AUDIOALG:  0.00  0.00  0.00  0.00  0.00  0.00  0.00  0.00
06-22 19:13:18.065   284  6891 I AUDIOALG:  0.00  0.00  0.00  0.00  0.00  0.00  0.00  0.00
06-22 19:13:18.065   284  6891 I AUDIOALG:  0.00  0.00  0.00  0.00  0.00  0.00  0.00  0.00
06-22 19:13:18.065   284  6891 I AUDIOALG:  0.00  0.00  0.00  0.00  0.00  0.00  0.00  0.00
06-22 19:13:18.716   459  3672 I ActivityManager: Process com.topjohnwu.magisk (pid 23526) has died: cch+2CEM 
06-22 19:13:18.716   459   477 W libprocessgroup: kill(-23526, 9) failed: No such process
06-22 19:13:18.718   246   246 I Zygote  : Process 23526 exited due to signal (9)
06-22 19:13:18.753   283   283 I wmt_launcher: fw log ctrl flag has been set
06-22 19:13:18.754   283   283 I wmt_launcher: fw dynamic ctrl flag has been set
06-22 19:13:18.764   459   477 W libprocessgroup: kill(-23526, 9) failed: No such process
06-22 19:13:18.764   459   477 I libprocessgroup: Successfully killed process cgroup uid 10138 pid 23526 in 48ms
06-22 19:13:18.853 23626 23626 W .vanced.manage: Accessing hidden field Landroid/view/View;->mAccessibilityDelegate:Landroid/view/View$AccessibilityDelegate; (light greylist, reflection)
06-22 19:13:18.984 23626 23626 D OpenGLRenderer: Skia GL Pipeline
06-22 19:13:19.024   459   459 W WindowManager: removeWindowToken: Attempted to remove non-existing token: android.os.Binder@408e69f
06-22 19:13:19.048 23626 23626 I Choreographer: Skipped 174 frames!  The application may be doing too much work on its main thread.
06-22 19:13:19.391 23626 23626 W .vanced.manage: Accessing hidden field Landroid/os/Trace;->TRACE_TAG_APP:J (light greylist, reflection)
06-22 19:13:19.392 23626 23626 W .vanced.manage: Accessing hidden method Landroid/os/Trace;->isTagEnabled(J)Z (light greylist, reflection)
06-22 19:13:19.392 23626 23626 W .vanced.manage: Accessing hidden method Landroid/os/Trace;->asyncTraceBegin(JLjava/lang/String;I)V (light greylist, reflection)
06-22 19:13:19.392 23626 23626 W .vanced.manage: Accessing hidden method Landroid/os/Trace;->asyncTraceEnd(JLjava/lang/String;I)V (light greylist, reflection)
06-22 19:13:19.393 23626 23626 W .vanced.manage: Accessing hidden method Landroid/os/Trace;->traceCounter(JLjava/lang/String;I)V (light greylist, reflection)
06-22 19:13:19.832 23626 23686 D vndksupport: Loading /vendor/lib/hw/gralloc.mt8163.so from current namespace instead of sphal namespace.
06-22 19:13:20.013 23626 23686 I ConfigStore: android::hardware::configstore::V1_0::ISurfaceFlingerConfigs::hasWideColorDisplay retrieved: 0
06-22 19:13:20.013 23626 23686 I ConfigStore: android::hardware::configstore::V1_0::ISurfaceFlingerConfigs::hasHDRDisplay retrieved: 0
06-22 19:13:20.013 23626 23686 I OpenGLRenderer: Initialized EGL, version 1.4
06-22 19:13:20.018 23626 23686 D OpenGLRenderer: Swap behavior 0
06-22 19:13:20.059 23626 23686 D mali_winsys: EGLint new_window_surface(egl_winsys_display*, void*, EGLSurface, EGLConfig, egl_winsys_surface**, egl_color_buffer_format*, EGLBoolean) returns 0x3000
06-22 19:13:20.372 23626 23626 I Choreographer: Skipped 75 frames!  The application may be doing too much work on its main thread.
06-22 19:13:20.623   284  6891 I AUDIOALG: AEC: Vol 0, BeamIdx=0 NumActvRef 2
06-22 19:13:20.623   284  6891 I AUDIOALG: VoIP = 0, m_SpeakerSelect = 0, isUsingAdaptRef 0
06-22 19:13:20.623   284  6891 I AUDIOALG: Each number represents average ERLE number of 8 frames(4ms)
06-22 19:13:20.623   284  6891 I AUDIOALG: AEC ATTN (dB)
06-22 19:13:20.623   284  6891 I AUDIOALG:  0.00  0.00  0.00  0.00  0.00  0.00  0.00  0.00
06-22 19:13:20.623   284  6891 I AUDIOALG:  0.00  0.00  0.00  0.00  0.00  0.00  0.00  0.00
06-22 19:13:20.623   284  6891 I AUDIOALG:  0.00  0.00  0.00  0.00  0.00  0.00  0.00  0.00
