06-22 19:13:35.193  1087  1087 E SearchServiceStarter: 	at com.google.common.v.a.d.a(SourceFile:124)
06-22 19:13:35.193  1087  1087 E SearchServiceStarter: 	at com.google.common.v.a.d.get(SourceFile:74)
06-22 19:13:35.193  1087  1087 E SearchServiceStarter: 	at com.google.common.v.a.dq.a(SourceFile:1)
06-22 19:13:35.193  1087  1087 E SearchServiceStarter: 	at com.google.common.v.a.bu.a(SourceFile:6)
06-22 19:13:35.193  1087  1087 E SearchServiceStarter: 	at com.google.common.v.a.bq.run(SourceFile:4)
06-22 19:13:35.193  1087  1087 E SearchServiceStarter: 	at com.google.android.apps.gsa.shared.util.c.a.as.run(SourceFile:1)
06-22 19:13:35.193  1087  1087 E SearchServiceStarter: 	at android.os.Handler.handleCallback(Handler.java:873)
06-22 19:13:35.193  1087  1087 E SearchServiceStarter: 	at android.os.Handler.dispatchMessage(Handler.java:99)
06-22 19:13:35.193  1087  1087 E SearchServiceStarter: 	at android.os.Looper.loop(Looper.java:193)
06-22 19:13:35.193  1087  1087 E SearchServiceStarter: 	at android.app.ActivityThread.main(ActivityThread.java:6718)
06-22 19:13:35.193  1087  1087 E SearchServiceStarter: 	at java.lang.reflect.Method.invoke(Native Method)
06-22 19:13:35.193  1087  1087 E SearchServiceStarter: 	at com.android.internal.os.RuntimeInit$MethodAndArgsCaller.run(RuntimeInit.java:491)
06-22 19:13:35.193  1087  1087 E SearchServiceStarter: 	at com.android.internal.os.ZygoteInit.main(ZygoteInit.java:858)
06-22 19:13:35.256   286   286 W [MALI][Gralloc-Warning]: int gralloc_register_buffer(const gralloc_module_t *, buffer_handle_t):99 Registering handle 0xe2672b00 coming from the same process: 286.
06-22 19:13:35.257   286   286 D MALI    : eglCreateImageKHR:513: [Crop] 0 0 800 1280  img[800 1280] 
06-22 19:13:35.277 23415 23457 I TngMinusOneSync: Syncing TNG:-1
06-22 19:13:35.324   286   286 W [MALI][Gralloc-Warning]: int gralloc_register_buffer(const gralloc_module_t *, buffer_handle_t):99 Registering handle 0xe2672e00 coming from the same process: 286.
06-22 19:13:35.325   286   286 D MALI    : eglCreateImageKHR:513: [Crop] 0 0 800 1280  img[800 1280] 
06-22 19:13:35.434  4237  4237 I KeyboardViewUtil: KeyboardViewUtil.getKeyboardHeightRatio():128 systemKeyboardHeightRatio:1.000000; userKeyboardHeightRatio:1.000000.
06-22 19:13:35.438   286   988 W SurfaceFlinger: Attempting to set client state on removed layer: SnapshotStartingWindow for taskId=2922#0
06-22 19:13:35.438   286   988 W SurfaceFlinger: Attempting to destroy on removed layer: SnapshotStartingWindow for taskId=2922#0
06-22 19:13:35.445  1154  1154 W System.err: java.lang.NullPointerException: Attempt to invoke interface method 'java.lang.String java.lang.CharSequence.toString()' on a null object reference
06-22 19:13:35.464  4237  4237 I AndroidIME: AbstractIme.onActivate():84 PasswordIme.onActivate() : EditorInfo = Package = com.termux : Type = Text : Learning = Disable : Suggestion = Show : AutoCorrection = Disable : Microphone = Show : NoPersonalizedLearning = Disable : AutoStartVoiceInput = Disable, IncognitoMode = false
06-22 19:13:35.502  1154  1154 W System.err: 	at a.fn.onAccessibilityEvent(Unknown Source:7)
06-22 19:13:35.502  1154  1154 W System.err: 	at android.accessibilityservice.AccessibilityService$2.onAccessibilityEvent(AccessibilityService.java:1538)
06-22 19:13:35.502  1154  1154 W System.err: 	at android.accessibilityservice.AccessibilityService$IAccessibilityServiceClientWrapper.executeMessage(AccessibilityService.java:1724)
06-22 19:13:35.502  1154  1154 W System.err: 	at com.android.internal.os.HandlerCaller$MyHandler.handleMessage(HandlerCaller.java:37)
06-22 19:13:35.502  1154  1154 W System.err: 	at android.os.Handler.dispatchMessage(Handler.java:106)
06-22 19:13:35.502  1154  1154 W System.err: 	at android.os.Looper.loop(Looper.java:193)
06-22 19:13:35.502  1154  1154 W System.err: 	at android.app.ActivityThread.main(ActivityThread.java:6718)
06-22 19:13:35.502  1154  1154 W System.err: 	at java.lang.reflect.Method.invoke(Native Method)
06-22 19:13:35.502  1154  1154 W System.err: 	at com.android.internal.os.RuntimeInit$MethodAndArgsCaller.run(RuntimeInit.java:491)
06-22 19:13:35.502  1154  1154 W System.err: 	at com.android.internal.os.ZygoteInit.main(ZygoteInit.java:858)
06-22 19:13:35.677 23415 23605 I PBSessionCacheImpl: Deleted sessionId[102981851896280885] from persistence.
06-22 19:13:35.679 23802 23817 I android.vendin: Waiting for a blocking GC ProfileSaver
06-22 19:13:35.806  4237  4237 I KeyboardViewHelper: KeyboardViewHelper.getView():164 Get view with height ratio:1.000000; experiment height ratio:1.000000.
06-22 19:13:35.895 23415 23457 W SearchServiceCore: Abort, client detached.
06-22 19:13:35.970   284  6891 I AUDIOALG: AEC: Vol 0, BeamIdx=0 NumActvRef 2
06-22 19:13:35.970   284  6891 I AUDIOALG: VoIP = 0, m_SpeakerSelect = 0, isUsingAdaptRef 0
06-22 19:13:35.970   284  6891 I AUDIOALG: Each number represents average ERLE number of 8 frames(4ms)
06-22 19:13:35.970   284  6891 I AUDIOALG: AEC ATTN (dB)
06-22 19:13:35.970   284  6891 I AUDIOALG:  0.00  0.00  0.00  0.00  0.00  0.00  0.00  0.00
06-22 19:13:35.970   284  6891 I AUDIOALG:  0.00  0.00  0.00  0.00  0.00  0.00  0.00  0.00
06-22 19:13:35.970   284  6891 I AUDIOALG:  0.00  0.00  0.00  0.00  0.00  0.00  0.00  0.00
06-22 19:13:35.970   284  6891 I AUDIOALG:  0.00  0.00  0.00  0.00  0.00  0.00  0.00  0.00
06-22 19:13:35.970   284  6891 I AUDIOALG:  0.00  0.00  0.00  0.00  0.00  0.00  0.00  0.00
06-22 19:13:35.970   284  6891 I AUDIOALG:  0.00  0.00  0.00  0.00  0.00  0.00  0.00  0.00
06-22 19:13:35.970   284  6891 I AUDIOALG:  0.00  0.00  0.00  0.00  0.00  0.00  0.00  0.00
06-22 19:13:35.970   284  6891 I AUDIOALG:  0.00  0.00  0.00  0.00  0.00  0.00  0.00  0.00
06-22 19:13:35.970   284  6891 I AUDIOALG:  0.00  0.00  0.00  0.00  0.00  0.00  0.00  0.00
06-22 19:13:35.970   284  6891 I AUDIOALG:  0.00  0.00  0.00  0.00  0.00  0.00  0.00  0.00
06-22 19:13:36.026 23802 23867 W android.vendin: Accessing hidden field Ljava/util/Collections$SynchronizedCollection;->mutex:Ljava/lang/Object; (dark greylist, reflection)
06-22 19:13:36.028 23802 23867 W android.vendin: Accessing hidden method Ljava/util/Collections$SynchronizedSet;-><init>(Ljava/util/Set;Ljava/lang/Object;)V (dark greylist, reflection)
06-22 19:13:36.028 23802 23867 W android.vendin: Accessing hidden method Ljava/util/Collections$SynchronizedCollection;-><init>(Ljava/util/Collection;Ljava/lang/Object;)V (dark greylist, reflection)
06-22 19:13:36.101 23802 23837 I Finsky  : [14062] vzz.a(5): Resetting scheduler db stage 2
06-22 19:13:36.102   459   459 W WindowManager: removeWindowToken: Attempted to remove non-existing token: android.os.Binder@bd6bd82
06-22 19:13:36.131 23802 23820 I Finsky  : [14052] qgx.c(5): Enqueuing libraries load for -416008541
06-22 19:13:36.174 23802 23826 I Finsky  : [14053] hgv.h(7): Subscription detail: N/A
06-22 19:13:36.196 23802 23827 I Finsky  : [14054] addj.m(3): Setup app restrictions monitor
06-22 19:13:36.205 23802 23849 I Finsky  : [14069] qgx.a(25): Starting libraries load for -416008541
06-22 19:13:36.247 23802 23817 I android.vendin: WaitForGcToComplete blocked ProfileSaver on AddRemoveAppImageSpace for 567.336ms
06-22 19:13:36.367  4237  4237 E KeyboardViewController: KeyboardViewController.show():438 Requesting to show sub view with id 2131428318(key_pos_password_header_numbers) which doesn't exist in current keyboard view
06-22 19:13:36.367  4237  4237 E KeyboardViewController: kby
06-22 19:13:36.367  4237  4237 E KeyboardViewController: 	at kop.a(PG:195)
06-22 19:13:36.367  4237  4237 E KeyboardViewController: 	at bty.a(PG:4)
06-22 19:13:36.367  4237  4237 E KeyboardViewController: 	at com.google.android.apps.inputmethod.latin.keyboard.LatinPasswordKeyboard.a(PG:19)
06-22 19:13:36.367  4237  4237 E KeyboardViewController: 	at kiv.a(PG:15)
06-22 19:13:36.367  4237  4237 E KeyboardViewController: 	at kij.a(PG:31)
06-22 19:13:36.367  4237  4237 E KeyboardViewController: 	at kij.H(PG:26)
06-22 19:13:36.367  4237  4237 E KeyboardViewController: 	at kin.d(PG:10)
06-22 19:13:36.367  4237  4237 E KeyboardViewController: 	at kin.b(PG:108)
06-22 19:13:36.367  4237  4237 E KeyboardViewController: 	at com.android.inputmethod.latin.LatinIME.b(PG:339)
06-22 19:13:36.367  4237  4237 E KeyboardViewController: 	at dws.onStartInputView(PG:786)
06-22 19:13:36.367  4237  4237 E KeyboardViewController: 	at android.inputmethodservice.InputMethodService.showWindowInner(InputMethodService.java:1863)
06-22 19:13:36.367  4237  4237 E KeyboardViewController: 	at android.inputmethodservice.InputMethodService.showWindow(InputMethodService.java:1814)
06-22 19:13:36.367  4237  4237 E KeyboardViewController: 	at android.inputmethodservice.InputMethodService$InputMethodImpl.showSoftInput(InputMethodService.java:575)
06-22 19:13:36.367  4237  4237 E KeyboardViewController: 	at android.inputmethodservice.IInputMethodWrapper.executeMessage(IInputMethodWrapper.java:207)
06-22 19:13:36.367  4237  4237 E KeyboardViewController: 	at com.android.internal.os.HandlerCaller$MyHandler.handleMessage(HandlerCaller.java:37)
06-22 19:13:36.367  4237  4237 E KeyboardViewController: 	at android.os.Handler.dispatchMessage(Handler.java:106)
06-22 19:13:36.367  4237  4237 E KeyboardViewController: 	at android.os.Looper.loop(Looper.java:193)
06-22 19:13:36.367  4237  4237 E KeyboardViewController: 	at android.app.ActivityThread.main(ActivityThread.java:6718)
06-22 19:13:36.367  4237  4237 E KeyboardViewController: 	at java.lang.reflect.Method.invoke(Native Method)
06-22 19:13:36.367  4237  4237 E KeyboardViewController: 	at com.android.internal.os.RuntimeInit$MethodAndArgsCaller.run(RuntimeInit.java:491)
06-22 19:13:36.367  4237  4237 E KeyboardViewController: 	at com.android.internal.os.ZygoteInit.main(ZygoteInit.java:858)
06-22 19:13:36.367  4237  4237 W KeyboardModeManager: KeyboardModeManager.setInputView():302 setInputView() : inputView = com.google.android.apps.inputmethod.libs.framework.core.InputView{df473f3 V.E...... ......ID 0,0-800,1184}
06-22 19:13:36.379  4237  4237 I ConversationToQueryExtension: ConversationToQueryExtension.isEnabledForHostApp():252 Conv2Query not enabled due to current app [com.termux] not in whitelist
06-22 19:13:36.379  4237  4237 I ConversationToQueryExtension: ConversationToQueryExtension.onActivate():162 onActivate() : Disabled by unsupported host app
06-22 19:13:36.383  4237  4237 I VoiceImeExtension: VoiceImeExtension.shouldStartVoiceInputAutomatically():336 No private IME option set to start voice input.
06-22 19:13:36.409  4237  4237 I Choreographer: Skipped 65 frames!  The application may be doing too much work on its main thread.
06-22 19:13:36.414   640   890 D MALI    : eglCreateImageKHR:513: [Crop] 0 0 37 37  img[37 37] 
06-22 19:13:36.425  4237 23487 D mali_winsys: EGLint new_window_surface(egl_winsys_display*, void*, EGLSurface, EGLConfig, egl_winsys_surface**, egl_color_buffer_format*, EGLBoolean) returns 0x3000
06-22 19:13:36.427   640   890 D MALI    : eglCreateImageKHR:513: [Crop] 0 0 37 37  img[37 37] 
06-22 19:13:36.429   640   890 D MALI    : eglCreateImageKHR:513: [Crop] 0 0 37 37  img[37 37] 
06-22 19:13:36.515 23802 23849 I Finsky  : [14069] qgx.a(43): Loaded library for account: [thWxIG6pnW53R6hj3kR9WC0yhl-MkC4Vl4BKmLKtJ08]
06-22 19:13:36.520   286   286 W [MALI][Gralloc-Warning]: int gralloc_register_buffer(const gralloc_module_t *, buffer_handle_t):99 Registering handle 0xe2671f00 coming from the same process: 286.
06-22 19:13:36.522   286   286 D MALI    : eglCreateImageKHR:513: [Crop] 0 0 800 1248  img[800 1248] 
06-22 19:13:36.531 23802 23849 I Finsky  : [14069] qgx.a(47): Finished loading 1 libraries.
06-22 19:13:36.554   286   286 W [MALI][Gralloc-Warning]: int gralloc_register_buffer(const gralloc_module_t *, buffer_handle_t):99 Registering handle 0xe2672440 coming from the same process: 286.
06-22 19:13:36.770   283   283 I wmt_launcher: fw log ctrl flag has been set
06-22 19:13:36.770   283   283 I wmt_launcher: fw dynamic ctrl flag has been set
06-22 19:13:36.795 23802 23827 I Finsky  : [14054] adfg.a(3): Device wide unknown source restriction is changed.
06-22 19:13:36.974 23802 23802 I Finsky  : [2] qyi.onTrimMemory(1): Memory trim requested to level 10
06-22 19:13:37.024 23802 23802 I Finsky  : [2] ssb.a(19): PackageMonitor - Received: android.intent.action.PACKAGE_FULLY_REMOVED, [KWWiCV7z_88zAMqrl4XP-mdE_SSFh184v-5ugOJo2aY]
06-22 19:13:37.025 23802 23802 I Finsky  : [2] ste.d(9): Invalidating cached PackageState for com.mgoogle.android.gms
06-22 19:13:37.176 23802 23802 I Finsky  : [2] aeqy.a(4): Do not start WearSupportService due to Wear service optimization
06-22 19:13:37.180 23802 23802 I Finsky  : [2] aeqy.a(4): Do not start WearSupportService due to Wear service optimization
06-22 19:13:37.181 23802 23837 E Finsky  : [14062] the.a(9): Unexpected experiment flag type found for flag ContentSync__settle_delay
06-22 19:13:37.181 23802 23837 E Finsky  : com.google.android.flib.log.WhatATerribleException: java.lang.ClassCastException: Cannot cast [B to atie
06-22 19:13:37.181 23802 23837 E Finsky  : 	at afdp.b(PG:3)
06-22 19:13:37.181 23802 23837 E Finsky  : 	at com.google.android.finsky.utils.FinskyLog.b(PG:5)
06-22 19:13:37.181 23802 23837 E Finsky  : 	at the.a(PG:9)
06-22 19:13:37.181 23802 23837 E Finsky  : 	at the.j(PG:2)
06-22 19:13:37.181 23802 23837 E Finsky  : 	at hah.a(Unknown Source:6)
06-22 19:13:37.181 23802 23837 E Finsky  : 	at arsr.a(PG:2)
06-22 19:13:37.181 23802 23837 E Finsky  : 	at arst.run(PG:9)
06-22 19:13:37.181 23802 23837 E Finsky  : 	at aruw.run(Unknown Source:7)
06-22 19:13:37.181 23802 23837 E Finsky  : 	at kqv.execute(PG:1)
06-22 19:13:37.181 23802 23837 E Finsky  : 	at arux.execute(PG:1)
06-22 19:13:37.181 23802 23837 E Finsky  : 	at arsp.b(PG:20)
06-22 19:13:37.181 23802 23837 E Finsky  : 	at arsp.a(PG:16)
06-22 19:13:37.181 23802 23837 E Finsky  : 	at arsp.b(PG:27)
06-22 19:13:37.181 23802 23837 E Finsky  : 	at arss.a(PG:3)
06-22 19:13:37.181 23802 23837 E Finsky  : 	at arst.run(PG:12)
06-22 19:13:37.181 23802 23837 E Finsky  : 	at aruw.run(Unknown Source:7)
06-22 19:13:37.181 23802 23837 E Finsky  : 	at kqv.execute(PG:1)
06-22 19:13:37.181 23802 23837 E Finsky  : 	at arux.execute(PG:1)
06-22 19:13:37.181 23802 23837 E Finsky  : 	at arsp.b(PG:20)
06-22 19:13:37.181 23802 23837 E Finsky  : 	at arsp.a(PG:16)
06-22 19:13:37.181 23802 23837 E Finsky  : 	at arsp.b(PG:27)
06-22 19:13:37.181 23802 23837 E Finsky  : 	at arvn.a(PG:2)
06-22 19:13:37.181 23802 23837 E Finsky  : 	at aruq.run(PG:11)
06-22 19:13:37.181 23802 23837 E Finsky  : 	at arvo.run(Unknown Source:4)
06-22 19:13:37.181 23802 23837 E Finsky  : 	at java.util.concurrent.ThreadPoolExecutor.runWorker(ThreadPoolExecutor.java:1167)
06-22 19:13:37.181 23802 23837 E Finsky  : 	at java.util.concurrent.ThreadPoolExecutor$Worker.run(ThreadPoolExecutor.java:641)
06-22 19:13:37.181 23802 23837 E Finsky  : 	at kqs.run(Unknown Source:14)
06-22 19:13:37.181 23802 23837 E Finsky  : 	at java.lang.Thread.run(Thread.java:764)
06-22 19:13:37.181 23802 23837 E Finsky  : Caused by: java.lang.ClassCastException: Cannot cast [B to atie
06-22 19:13:37.181 23802 23837 E Finsky  : 	at java.lang.Class.cast(Class.java:2441)
06-22 19:13:37.181 23802 23837 E Finsky  : 	at the.a(PG:8)
06-22 19:13:37.181 23802 23837 E Finsky  : 	... 25 more
06-22 19:13:37.218 23802 23802 I Finsky  : [2] xps.a(1): Clearing split related stale data.
06-22 19:13:37.351 23802 23802 I Finsky  : [2] ste.j(3): Package no longer installed: com.mgoogle.android.gms
06-22 19:13:37.496 23802 23802 I Finsky  : [2] nrp.<init>(13): Installer: Setting Parallelism[DEFAULT]
06-22 19:13:37.497 23802 23802 I Finsky  : [2] nnj.b(5): Installer: package com.mgoogle.android.gms was removed. replacing: false
06-22 19:13:37.501 23802 23802 I Finsky  : [2] nnj.a(217): Installer: Notifying status update. package=com.mgoogle.android.gms, status=UNINSTALLED
06-22 19:13:37.502 23802 23802 I Finsky  : [2] nnj.a(247): Installer kick - no action, not running yet
06-22 19:13:37.705 23886 23886 I Zygote  : seccomp disabled by setenforce 0
06-22 19:13:37.780   459   476 I ActivityManager: Start proc 23886:com.google.android.apps.wellbeing/u0a38 for broadcast com.google.android.apps.wellbeing/.appconfig.sync.impl.AppSyncPackageRemovedBroadcastReceiver_Receiver
06-22 19:13:37.784 23886 23886 E .apps.wellbein: Not starting debugger since process cannot load the jdwp agent.
06-22 19:13:37.836   286   286 W [MALI][Gralloc-Warning]: int gralloc_register_buffer(const gralloc_module_t *, buffer_handle_t):99 Registering handle 0xe2672500 coming from the same process: 286.
06-22 19:13:37.869   286   286 W [MALI][Gralloc-Warning]: int gralloc_register_buffer(const gralloc_module_t *, buffer_handle_t):99 Registering handle 0xe26725c0 coming from the same process: 286.
06-22 19:13:37.915   459 23877 W DropBoxManagerService: Dropping: system_app_wtf (1488 > 0 bytes)
06-22 19:13:37.995   459  3211 D ConnectivityService: ConnectivityService NetworkRequestInfo binderDied(NetworkRequest [ LISTEN id=2196, [ Capabilities: INTERNET&NOT_RESTRICTED&TRUSTED Unwanted:  Uid: 10029] ], android.os.BinderProxy@ec78170)
06-22 19:13:37.995   459  3673 D ConnectivityService: ConnectivityService NetworkRequestInfo binderDied(NetworkRequest [ TRACK_DEFAULT id=2195, [ Capabilities: INTERNET&NOT_RESTRICTED&TRUSTED Unwanted:  Uid: 10029] ], android.os.BinderProxy@1026ce9)
06-22 19:13:37.995   459  3492 I ActivityManager: Process com.android.vending (pid 23802) has died: cch+2CEM 
06-22 19:13:37.995   459   566 D ConnectivityService: releasing NetworkRequest [ TRACK_DEFAULT id=2195, [ Capabilities: INTERNET&NOT_RESTRICTED&TRUSTED Unwanted:  Uid: 10029] ] (release request)
06-22 19:13:38.000   459   477 W libprocessgroup: kill(-23802, 9) failed: No such process
06-22 19:13:38.000   246   246 I Zygote  : Process 23802 exited due to signal (9)
06-22 19:13:38.044   459   477 W libprocessgroup: kill(-23802, 9) failed: No such process
06-22 19:13:38.044   459   477 I libprocessgroup: Successfully killed process cgroup uid 10029 pid 23802 in 47ms
06-22 19:13:38.242 23886 23886 I MultiDex: VM with version 2.1.0 has multidex support
06-22 19:13:38.246 23886 23886 I MultiDex: install
06-22 19:13:38.246 23886 23886 I MultiDex: VM has multidex support, MultiDex support library is disabled.
06-22 19:13:38.524 23886 23886 I kfn     : SslGuard completed installation.
06-22 19:13:38.545   284  6891 I AUDIOALG: AEC: Vol 0, BeamIdx=0 NumActvRef 2
06-22 19:13:38.545   284  6891 I AUDIOALG: VoIP = 0, m_SpeakerSelect = 0, isUsingAdaptRef 0
06-22 19:13:38.545   284  6891 I AUDIOALG: Each number represents average ERLE number of 8 frames(4ms)
06-22 19:13:38.546   284  6891 I AUDIOALG: AEC ATTN (dB)
06-22 19:13:38.546   284  6891 I AUDIOALG:  0.00  0.00  0.00  0.00  0.00  0.00  0.00  0.00
06-22 19:13:38.546   284  6891 I AUDIOALG:  0.00  0.00  0.00  0.00  0.00  0.00  0.00  0.00
06-22 19:13:38.546   284  6891 I AUDIOALG:  0.00  0.00  0.00  0.00  0.00  0.00  0.00  0.00
06-22 19:13:38.546   284  6891 I AUDIOALG:  0.00  0.00  0.00  0.00  0.00  0.00  0.00  0.00
06-22 19:13:38.546   284  6891 I AUDIOALG:  0.00  0.00  0.00  0.00  0.00  0.00  0.00  0.00
06-22 19:13:38.546   284  6891 I AUDIOALG:  0.00  0.00  0.00  0.00  0.00  0.00  0.00  0.00
06-22 19:13:38.546   284  6891 I AUDIOALG:  0.00  0.00  0.00  0.00  0.00  0.00  0.00  0.00
06-22 19:13:38.546   284  6891 I AUDIOALG:  0.00  0.00  0.00  0.00  0.00  0.00  0.00  0.00
06-22 19:13:38.546   284  6891 I AUDIOALG:  0.00  0.00  0.00  0.00  0.00  0.00  0.00  0.00
06-22 19:13:38.546   284  6891 I AUDIOALG:  0.00  0.00  0.00  0.00  0.00  0.00  0.00  0.00
06-22 19:13:38.565 23886 23909 W .apps.wellbein: Accessing hidden field Ljava/util/Collections$SynchronizedCollection;->mutex:Ljava/lang/Object; (dark greylist, reflection)
06-22 19:13:38.565 23886 23909 W .apps.wellbein: Accessing hidden method Ljava/util/Collections$SynchronizedSet;-><init>(Ljava/util/Set;Ljava/lang/Object;)V (dark greylist, reflection)
06-22 19:13:38.566 23886 23909 W .apps.wellbein: Accessing hidden method Ljava/util/Collections$SynchronizedCollection;-><init>(Ljava/util/Collection;Ljava/lang/Object;)V (dark greylist, reflection)
06-22 19:13:38.612  4237  4590 W LatinCountersMetricsProcessor: LatinCountersMetricsProcessor$DelightProblemReporter.run():1362 Missing LM for 'en'
06-22 19:13:38.773   283   283 I wmt_launcher: fw log ctrl flag has been set
06-22 19:13:38.773   283   283 I wmt_launcher: fw dynamic ctrl flag has been set
06-22 19:13:39.302  4237  4237 I KeyboardViewHelper: KeyboardViewHelper.getView():164 Get view with height ratio:1.000000; experiment height ratio:1.000000.
06-22 19:13:39.348  4237  4237 I KeyboardViewHelper: KeyboardViewHelper.getView():164 Get view with height ratio:1.000000; experiment height ratio:1.000000.
06-22 19:13:39.505   459   477 W libprocessgroup: kill(-23598, 9) failed: No such process
06-22 19:13:39.505   246   246 I Zygote  : Process 23598 exited due to signal (9)
06-22 19:13:39.516   459  6397 I ActivityManager: Process com.google.process.gapps (pid 23598) has died: cch  CEM 
06-22 19:13:39.544   459   477 W libprocessgroup: kill(-23598, 9) failed: No such process
06-22 19:13:39.544   459   477 I libprocessgroup: Successfully killed process cgroup uid 10021 pid 23598 in 39ms
06-22 19:13:39.851 23886 23913 W .apps.wellbein: resources.arsc in APK '/data/app/com.maxmpz.audioplayer.unlock-4GFZMt4dqZM23jQ3kWCXyA==/base.apk' is compressed.
06-22 19:13:40.018   459   476 I ActivityManager: Start proc 23921:com.android.chrome/u0a97 for broadcast com.android.chrome/org.chromium.chrome.browser.browserservices.ClientAppBroadcastReceiver
06-22 19:13:40.127 23921 23921 I Zygote  : seccomp disabled by setenforce 0
06-22 19:13:40.230 23921 23921 E .android.chrom: Not starting debugger since process cannot load the jdwp agent.
06-22 19:13:40.648  4237  4237 E KeyboardViewController: KeyboardViewController.show():438 Requesting to show sub view with id 2131428318(key_pos_password_header_numbers) which doesn't exist in current keyboard view
06-22 19:13:40.648  4237  4237 E KeyboardViewController: kby
06-22 19:13:40.648  4237  4237 E KeyboardViewController: 	at kop.a(PG:195)
06-22 19:13:40.648  4237  4237 E KeyboardViewController: 	at bty.a(PG:4)
06-22 19:13:40.648  4237  4237 E KeyboardViewController: 	at com.google.android.apps.inputmethod.latin.keyboard.LatinPasswordKeyboard.a(PG:19)
06-22 19:13:40.648  4237  4237 E KeyboardViewController: 	at kiv.a(PG:15)
06-22 19:13:40.648  4237  4237 E KeyboardViewController: 	at kiv.a(PG:38)
06-22 19:13:40.648  4237  4237 E KeyboardViewController: 	at kiu.a(PG:41)
06-22 19:13:40.648  4237  4237 E KeyboardViewController: 	at kiv.a(PG:50)
06-22 19:13:40.648  4237  4237 E KeyboardViewController: 	at kiv.a(PG:69)
06-22 19:13:40.648  4237  4237 E KeyboardViewController: 	at kij.a(PG:280)
06-22 19:13:40.648  4237  4237 E KeyboardViewController: 	at kij.a(PG:279)
06-22 19:13:40.648  4237  4237 E KeyboardViewController: 	at kij.c(PG:158)
06-22 19:13:40.648  4237  4237 E KeyboardViewController: 	at dws.a(PG:287)
06-22 19:13:40.648  4237  4237 E KeyboardViewController: 	at kij.a(PG:72)
06-22 19:13:40.648  4237  4237 E KeyboardViewController: 	at edc.a(PG:8)
06-22 19:13:40.648  4237  4237 E KeyboardViewController: 	at com.google.android.apps.inputmethod.libs.framework.keyboard.handler.BasicMotionEventHandler.a(PG:16)
06-22 19:13:40.648  4237  4237 E KeyboardViewController: 	at een.a(PG:54)
06-22 19:13:40.648  4237  4237 E KeyboardViewController: 	at eeu.a(PG:60)
06-22 19:13:40.648  4237  4237 E KeyboardViewController: 	at eeu.a(PG:122)
06-22 19:13:40.648  4237  4237 E KeyboardViewController: 	at eeu.a(PG:23)
06-22 19:13:40.648  4237  4237 E KeyboardViewController: 	at een.a(PG:75)
06-22 19:13:40.648  4237  4237 E KeyboardViewController: 	at com.google.android.apps.inputmethod.libs.framework.keyboard.handler.BasicMotionEventHandler.e(PG:162)
06-22 19:13:40.648  4237  4237 E KeyboardViewController: 	at com.google.android.apps.inputmethod.libs.framework.keyboard.handler.BasicMotionEventHandler.a(PG:95)
06-22 19:13:40.648  4237  4237 E KeyboardViewController: 	at edd.a(PG:54)
06-22 19:13:40.648  4237  4237 E KeyboardViewController: 	at com.google.android.libraries.inputmethod.widgets.SoftKeyboardView.b(PG:46)
06-22 19:13:40.648  4237  4237 E KeyboardViewController: 	at com.google.android.libraries.inputmethod.widgets.SoftKeyboardView.dispatchTouchEvent(PG:31)
06-22 19:13:40.648  4237  4237 E KeyboardViewController: 	at com.google.android.apps.inputmethod.libs.framework.core.KeyboardViewHolder.dispatchTouchEvent(PG:20)
06-22 19:13:40.648  4237  4237 E KeyboardViewController: 	at android.view.ViewGroup.dispatchTransformedTouchEvent(ViewGroup.java:3030)
06-22 19:13:40.648  4237  4237 E KeyboardViewController: 	at android.view.ViewGroup.dispatchTouchEvent(ViewGroup.java:2662)
06-22 19:13:40.648  4237  4237 E KeyboardViewController: 	at android.view.ViewGroup.dispatchTransformedTouchEvent(ViewGroup.java:3030)
06-22 19:13:40.648  4237  4237 E KeyboardViewController: 	at android.view.ViewGroup.dispatchTouchEvent(ViewGroup.java:2662)
06-22 19:13:40.648  4237  4237 E KeyboardViewController: 	at android.view.ViewGroup.dispatchTransformedTouchEvent(ViewGroup.java:3030)
06-22 19:13:40.648  4237  4237 E KeyboardViewController: 	at android.view.ViewGroup.dispatchTouchEvent(ViewGroup.java:2662)
06-22 19:13:40.648  4237  4237 E KeyboardViewController: 	at android.view.ViewGroup.dispatchTransformedTouchEvent(ViewGroup.java:3030)
06-22 19:13:40.648  4237  4237 E KeyboardViewController: 	at android.view.ViewGroup.dispatchTouchEvent(ViewGroup.java:2662)
06-22 19:13:40.648  4237  4237 E KeyboardViewController: 	at android.view.ViewGroup.dispatchTransformedTouchEvent(ViewGroup.java:3030)
06-22 19:13:40.648  4237  4237 E KeyboardViewController: 	at android.view.ViewGroup.dispatchTouchEvent(ViewGroup.java:2662)
06-22 19:13:40.648  4237  4237 E KeyboardViewController: 	at android.view.ViewGroup.dispatchTransformedTouchEvent(ViewGroup.java:3030)
06-22 19:13:40.648  4237  4237 E KeyboardViewController: 	at android.view.ViewGroup.dispatchTouchEvent(ViewGroup.java:2662)
06-22 19:13:40.648  4237  4237 E KeyboardViewController: 	at android.view.ViewGroup.dispatchTransformedTouchEvent(ViewGroup.java:3030)
06-22 19:13:40.648  4237  4237 E KeyboardViewController: 	at android.view.ViewGroup.dispatchTouchEvent(ViewGroup.java:2662)
06-22 19:13:40.648  4237  4237 E KeyboardViewController: 	at android.view.ViewGroup.dispatchTransformedTouchEvent(ViewGroup.java:3030)
06-22 19:13:40.648  4237  4237 E KeyboardViewController: 	at android.view.ViewGroup.dispatchTouchEvent(ViewGroup.java:2662)
06-22 19:13:40.648  4237  4237 E KeyboardViewController: 	at android.view.ViewGroup.dispatchTransformedTouchEvent(ViewGroup.java:3030)
06-22 19:13:40.648  4237  4237 E KeyboardViewController: 	at android.view.ViewGroup.dispatchTouchEvent(ViewGroup.java:2662)
06-22 19:13:40.648  4237  4237 E KeyboardViewController: 	at com.android.internal.policy.DecorView.superDispatchTouchEvent(DecorView.java:440)
06-22 19:13:40.648  4237  4237 E KeyboardViewController: 	at com.android.internal.policy.PhoneWindow.superDispatchTouchEvent(PhoneWindow.java:1830)
06-22 19:13:40.648  4237  4237 E KeyboardViewController: 	at android.app.Dialog.dispatchTouchEvent(Dialog.java:847)
06-22 19:13:40.648  4237  4237 E KeyboardViewController: 	at android.inputmethodservice.SoftInputWindow.dispatchTouchEvent(SoftInputWindow.java:93)
06-22 19:13:40.648  4237  4237 E KeyboardViewController: 	at com.android.internal.policy.DecorView.dispatchTouchEvent(DecorView.java:398)
06-22 19:13:40.648  4237  4237 E KeyboardViewController: 	at android.view.View.dispatchPointerEvent(View.java:12752)
06-22 19:13:40.648  4237  4237 E KeyboardViewController: 	at android.view.ViewRootImpl$ViewPostImeInputStage.processPointerEvent(ViewRootImpl.java:5113)
06-22 19:13:40.648  4237  4237 E KeyboardViewController: 	at android.view.ViewRootImpl$ViewPostImeInputStage.onProcess(ViewRootImpl.java:4916)
06-22 19:13:40.648  4237  4237 E KeyboardViewController: 	at android.view.ViewRootImpl$InputStage.deliver(ViewRootImpl.java:4433)
06-22 19:13:40.648  4237  4237 E KeyboardViewController: 	at android.view.ViewRootImpl$InputStage.onDeliverToNext(ViewRootImpl.java:4486)
06-22 19:13:40.648  4237  4237 E KeyboardViewController: 	at android.view.ViewRootImpl$InputStage.forward(ViewRootImpl.java:4452)
06-22 19:13:40.648  4237  4237 E KeyboardViewController: 	at android.view.ViewRootImpl$AsyncInputStage.forward(ViewRootImpl.java:4592)
06-22 19:13:40.648  4237  4237 E KeyboardViewController: 	at android.view.ViewRootImpl$InputStage.apply(ViewRootImpl.java:4460)
06-22 19:13:40.648  4237  4237 E KeyboardViewController: 	at android.view.ViewRootImpl$AsyncInputStage.apply(ViewRootImpl.java:4649)
06-22 19:13:40.648  4237  4237 E KeyboardViewController: 	at android.view.ViewRootImpl$InputStage.deliver(ViewRootImpl.java:4433)
06-22 19:13:40.648  4237  4237 E KeyboardViewController: 	at android.view.ViewRootImpl$InputStage.onDeliverToNext(ViewRootImpl.java:4486)
06-22 19:13:40.648  4237  4237 E KeyboardViewController: 	at android.view.ViewRootImpl$InputStage.forward(ViewRootImpl.java:4452)
06-22 19:13:40.648  4237  4237 E KeyboardViewController: 	at android.view.ViewRootImpl$InputStage.apply(ViewRootImpl.java:4460)
06-22 19:13:40.648  4237  4237 E KeyboardViewController: 	at android.view.ViewRootImpl$InputStage.deliver(ViewRootImpl.java:4433)
06-22 19:13:40.648  4237  4237 E KeyboardViewController: 	at android.view.ViewRootImpl.deliverInputEvent(ViewRootImpl.java:7099)
06-22 19:13:40.648  4237  4237 E KeyboardViewController: 	at android.view.ViewRootImpl.doProcessInputEvents(ViewRootImpl.java:7068)
06-22 19:13:40.648  4237  4237 E KeyboardViewController: 	at android.view.ViewRootImpl.enqueueInputEvent(ViewRootImpl.java:7029)
06-22 19:13:40.648  4237  4237 E KeyboardViewController: 	at android.view.ViewRootImpl$WindowInputEventReceiver.onInputEvent(ViewRootImpl.java:7202)
06-22 19:13:40.648  4237  4237 E KeyboardViewController: 	at android.view.InputEventReceiver.dispatchInputEvent(InputEventReceiver.java:186)
06-22 19:13:40.648  4237  4237 E KeyboardViewController: 	at android.os.MessageQueue.nativePollOnce(Native Method)
06-22 19:13:40.648  4237  4237 E KeyboardViewController: 	at android.os.MessageQueue.next(MessageQueue.java:326)
06-22 19:13:40.648  4237  4237 E KeyboardViewController: 	at android.os.Looper.loop(Looper.java:160)
06-22 19:13:40.648  4237  4237 E KeyboardViewController: 	at android.app.ActivityThread.main(ActivityThread.java:6718)
06-22 19:13:40.648  4237  4237 E KeyboardViewController: 	at java.lang.reflect.Method.invoke(Native Method)
06-22 19:13:40.648  4237  4237 E KeyboardViewController: 	at com.android.internal.os.RuntimeInit$MethodAndArgsCaller.run(RuntimeInit.java:491)
06-22 19:13:40.648  4237  4237 E KeyboardViewController: 	at com.android.internal.os.ZygoteInit.main(ZygoteInit.java:858)
06-22 19:13:40.681 23921 23921 W .android.chrom: JIT profile information will not be recorded: profile file does not exits.
06-22 19:13:40.773   283   283 I wmt_launcher: fw log ctrl flag has been set
06-22 19:13:40.774   283   283 I wmt_launcher: fw dynamic ctrl flag has been set
06-22 19:13:41.105   284  6891 I AUDIOALG: AEC: Vol 0, BeamIdx=0 NumActvRef 2
06-22 19:13:41.105   284  6891 I AUDIOALG: VoIP = 0, m_SpeakerSelect = 0, isUsingAdaptRef 0
06-22 19:13:41.105   284  6891 I AUDIOALG: Each number represents average ERLE number of 8 frames(4ms)
06-22 19:13:41.107   284  6891 I AUDIOALG: AEC ATTN (dB)
06-22 19:13:41.107   284  6891 I AUDIOALG:  0.00  0.00  0.00  0.00  0.00  0.00  0.00  0.00
06-22 19:13:41.107   284  6891 I AUDIOALG:  0.00  0.00  0.00  0.00  0.00  0.00  0.00  0.00
06-22 19:13:41.107   284  6891 I AUDIOALG:  0.00  0.00  0.00  0.00  0.00  0.00  0.00  0.00
06-22 19:13:41.107   284  6891 I AUDIOALG:  0.00  0.00  0.00  0.00  0.00  0.00  0.00  0.00
06-22 19:13:41.107   284  6891 I AUDIOALG:  0.00  0.00  0.00  0.00  0.00  0.00  0.00  0.00
06-22 19:13:41.107   284  6891 I AUDIOALG:  0.00  0.00  0.00  0.00  0.00  0.00  0.00  0.00
06-22 19:13:41.107   284  6891 I AUDIOALG:  0.00  0.00  0.00  0.00  0.00  0.00  0.00  0.00
06-22 19:13:41.107   284  6891 I AUDIOALG:  0.00  0.00  0.00  0.00  0.00  0.00  0.00  0.00
06-22 19:13:41.107   284  6891 I AUDIOALG:  0.00  0.00  0.00  0.00  0.00  0.00  0.00  0.00
06-22 19:13:41.107   284  6891 I AUDIOALG:  0.00  0.00  0.00  0.00  0.00  0.00  0.00  0.00
06-22 19:13:41.347   285   285 E lowmemorykiller: Error writing /proc/23886/oom_score_adj; errno=22
06-22 19:13:41.384   459   476 I ActivityManager: Start proc 23945:com.facebook.katana/u0a94 for broadcast com.facebook.katana/com.facebook.games.packagecontroller.PackageChangeReceiver
06-22 19:13:41.389 23945 23945 I Zygote  : seccomp disabled by setenforce 0
06-22 19:13:41.395   459  3673 I ActivityManager: Process com.google.android.apps.wellbeing (pid 23886) has died: cch+2CEM 
06-22 19:13:41.396   246   246 I Zygote  : Process 23886 exited due to signal (9)
06-22 19:13:41.396   459   477 W libprocessgroup: kill(-23886, 9) failed: No such process
06-22 19:13:41.396   459   477 W libprocessgroup: kill(23886, 9) failed: No such process
06-22 19:13:41.399 23945 23945 E facebook.katan: Not starting debugger since process cannot load the jdwp agent.
06-22 19:13:41.434   459   477 W libprocessgroup: kill(-23886, 9) failed: No such process
06-22 19:13:41.434   459   477 I libprocessgroup: Successfully killed process cgroup uid 10038 pid 23886 in 39ms
06-22 19:13:41.780 23945 23945 E LoadedApk: Unable to instantiate appComponentFactory
06-22 19:13:41.780 23945 23945 E LoadedApk: java.lang.ClassNotFoundException: Didn't find class "androidx.core.app.CoreComponentFactory" on path: DexPathList[[zip file "/system/framework/org.apache.http.legacy.boot.jar", zip file "/data/app/com.facebook.katana-Lh4eDaxuWhBcJtrigpsBLw==/base.apk", zip file "/data/app/com.facebook.katana-Lh4eDaxuWhBcJtrigpsBLw==/split_arservicesoptional.apk", zip file "/data/app/com.facebook.katana-Lh4eDaxuWhBcJtrigpsBLw==/split_caffe2.apk", zip file "/data/app/com.facebook.katana-Lh4eDaxuWhBcJtrigpsBLw==/split_caffe2pytorchsharedmodule.apk", zip file "/data/app/com.facebook.katana-Lh4eDaxuWhBcJtrigpsBLw==/split_cgnativeplayer.apk", zip file "/data/app/com.facebook.katana-Lh4eDaxuWhBcJtrigpsBLw==/split_codegenerator.apk", zip file "/data/app/com.facebook.katana-Lh4eDaxuWhBcJtrigpsBLw==/split_groupsadmin.apk", zip file "/data/app/com.facebook.katana-Lh4eDaxuWhBcJtrigpsBLw==/split_rtc.apk", zip file "/data/app/com.facebook.katana-Lh4eDaxuWhBcJtrigpsBLw==/split_slam.apk", zip file "/data/app/com.facebook.katana-Lh4eDaxuWhBcJtrigpsBLw==/split_streamingsdk.apk"],nativeLibraryDirectories=[/data/app/com.facebook.katana-Lh4eDaxuWhBcJtrigpsBLw==/lib/arm, /data/app/com.facebook.katana-Lh4eDaxuWhBcJtrigpsBLw==/base.apk!/lib/armeabi-v7a, /data/app/com.facebook.katana-Lh4eDaxuWhBcJtrigpsBLw==/split_arservicesoptional.apk!/lib/armeabi-v7a, /data/app/com.facebook.katana-Lh4eDaxuWhBcJtrigpsBLw==/split_caffe2.apk!/lib/armeabi-v7a, /data/app/com.facebook.katana-Lh4eDaxuWhBcJtrigpsBLw==/split_caffe2pytorchsharedmodule.apk!/lib/armeabi-v7a, /data/app/com.facebook.katana-Lh4eDaxuWhBcJtrigpsBLw==/split_cgnativeplayer.apk!/lib/armeabi-v7a, /data/app/com.facebook.katana-Lh4eDaxuWhBcJtrigpsBLw==/split_codegenerator.apk!/lib/armeabi-v7a, /data/app/com.facebook.katana-Lh4eDaxuWhBcJtrigpsBLw==/split_groupsadmin.apk!/lib/armeabi-v7a, /data/app/com.facebook.katana-Lh4eDaxuWhBcJtrigpsBLw==/split_rtc.apk!/lib/armeabi-v7a, /data/app/com.facebook.katana-Lh4eDaxuWhBcJtrigpsBLw==/split_slam.apk!/lib/armeabi-v7a, /data/app/com.facebook.katana-Lh4eDaxuWhBcJtrigpsBLw==/split_streamingsdk.apk!/lib/armeabi-v7a, /system/lib, /vendor/lib]]
06-22 19:13:41.780 23945 23945 E LoadedApk: 	at dalvik.system.BaseDexClassLoader.findClass(BaseDexClassLoader.java:134)
06-22 19:13:41.780 23945 23945 E LoadedApk: 	at java.lang.ClassLoader.loadClass(ClassLoader.java:379)
06-22 19:13:41.780 23945 23945 E LoadedApk: 	at java.lang.ClassLoader.loadClass(ClassLoader.java:312)
06-22 19:13:41.780 23945 23945 E LoadedApk: 	at android.app.LoadedApk.createAppFactory(LoadedApk.java:226)
06-22 19:13:41.780 23945 23945 E LoadedApk: 	at android.app.LoadedApk.createOrUpdateClassLoaderLocked(LoadedApk.java:731)
06-22 19:13:41.780 23945 23945 E LoadedApk: 	at android.app.LoadedApk.getClassLoader(LoadedApk.java:810)
06-22 19:13:41.780 23945 23945 E LoadedApk: 	at android.app.LoadedApk.getResources(LoadedApk.java:1032)
06-22 19:13:41.780 23945 23945 E LoadedApk: 	at android.app.ContextImpl.createAppContext(ContextImpl.java:2345)
06-22 19:13:41.780 23945 23945 E LoadedApk: 	at android.app.ActivityThread.handleBindApplication(ActivityThread.java:5798)
06-22 19:13:41.780 23945 23945 E LoadedApk: 	at android.app.ActivityThread.access$1100(ActivityThread.java:200)
06-22 19:13:41.780 23945 23945 E LoadedApk: 	at android.app.ActivityThread$H.handleMessage(ActivityThread.java:1656)
06-22 19:13:41.780 23945 23945 E LoadedApk: 	at android.os.Handler.dispatchMessage(Handler.java:106)
06-22 19:13:41.780 23945 23945 E LoadedApk: 	at android.os.Looper.loop(Looper.java:193)
06-22 19:13:41.780 23945 23945 E LoadedApk: 	at android.app.ActivityThread.main(ActivityThread.java:6718)
06-22 19:13:41.780 23945 23945 E LoadedApk: 	at java.lang.reflect.Method.invoke(Native Method)
06-22 19:13:41.780 23945 23945 E LoadedApk: 	at com.android.internal.os.RuntimeInit$MethodAndArgsCaller.run(RuntimeInit.java:491)
06-22 19:13:41.780 23945 23945 E LoadedApk: 	at com.android.internal.os.ZygoteInit.main(ZygoteInit.java:858)
06-22 19:13:41.780 23945 23945 E LoadedApk: 	Suppressed: java.io.IOException: No original dex files found for dex location /data/app/com.facebook.katana-Lh4eDaxuWhBcJtrigpsBLw==/split_arservicesoptional.apk
06-22 19:13:41.780 23945 23945 E LoadedApk: 		at dalvik.system.DexFile.openDexFileNative(Native Method)
06-22 19:13:41.780 23945 23945 E LoadedApk: 		at dalvik.system.DexFile.openDexFile(DexFile.java:354)
06-22 19:13:41.780 23945 23945 E LoadedApk: 		at dalvik.system.DexFile.<init>(DexFile.java:101)
06-22 19:13:41.780 23945 23945 E LoadedApk: 		at dalvik.system.DexFile.<init>(DexFile.java:75)
06-22 19:13:41.780 23945 23945 E LoadedApk: 		at dalvik.system.DexPathList.loadDexFile(DexPathList.java:394)
06-22 19:13:41.780 23945 23945 E LoadedApk: 		at dalvik.system.DexPathList.makeDexElements(DexPathList.java:354)
06-22 19:13:41.780 23945 23945 E LoadedApk: 		at dalvik.system.DexPathList.<init>(DexPathList.java:164)
06-22 19:13:41.780 23945 23945 E LoadedApk: 		at dalvik.system.BaseDexClassLoader.<init>(BaseDexClassLoader.java:74)
06-22 19:13:41.780 23945 23945 E LoadedApk: 		at dalvik.system.BaseDexClassLoader.<init>(BaseDexClassLoader.java:65)
06-22 19:13:41.780 23945 23945 E LoadedApk: 		at dalvik.system.PathClassLoader.<init>(PathClassLoader.java
06-22 19:13:41.786 23945 23945 W facebook.katan: JIT profile information will not be recorded: profile file does not exits.
06-22 19:13:41.786 23945 23945 I chatty  : uid=10094(com.facebook.katana) identical 7 lines
06-22 19:13:41.787 23945 23945 W facebook.katan: JIT profile information will not be recorded: profile file does not exits.
06-22 19:13:41.821 23945 23945 W facebook.katan: resources.arsc in APK '/data/app/com.facebook.katana-Lh4eDaxuWhBcJtrigpsBLw==/base.apk' is compressed.
06-22 19:13:41.852 23945 23945 W facebook.katan: resources.arsc in APK '/data/app/com.facebook.katana-Lh4eDaxuWhBcJtrigpsBLw==/split_arservicesoptional.apk' is compressed.
06-22 19:13:41.853 23945 23945 W facebook.katan: resources.arsc in APK '/data/app/com.facebook.katana-Lh4eDaxuWhBcJtrigpsBLw==/split_caffe2.apk' is compressed.
06-22 19:13:41.853 23945 23945 W facebook.katan: resources.arsc in APK '/data/app/com.facebook.katana-Lh4eDaxuWhBcJtrigpsBLw==/split_caffe2pytorchsharedmodule.apk' is compressed.
06-22 19:13:41.853 23945 23945 W facebook.katan: resources.arsc in APK '/data/app/com.facebook.katana-Lh4eDaxuWhBcJtrigpsBLw==/split_cgnativeplayer.apk' is compressed.
06-22 19:13:41.853 23945 23945 W facebook.katan: resources.arsc in APK '/data/app/com.facebook.katana-Lh4eDaxuWhBcJtrigpsBLw==/split_codegenerator.apk' is compressed.
06-22 19:13:41.854 23945 23945 W facebook.katan: resources.arsc in APK '/data/app/com.facebook.katana-Lh4eDaxuWhBcJtrigpsBLw==/split_groupsadmin.apk' is compressed.
06-22 19:13:41.854 23945 23945 W facebook.katan: resources.arsc in APK '/data/app/com.facebook.katana-Lh4eDaxuWhBcJtrigpsBLw==/split_rtc.apk' is compressed.
06-22 19:13:41.854 23945 23945 W facebook.katan: resources.arsc in APK '/data/app/com.facebook.katana-Lh4eDaxuWhBcJtrigpsBLw==/split_slam.apk' is compressed.
06-22 19:13:41.854 23945 23945 W facebook.katan: resources.arsc in APK '/data/app/com.facebook.katana-Lh4eDaxuWhBcJtrigpsBLw==/split_streamingsdk.apk' is compressed.
06-22 19:13:41.950 23945 23945 W CrashLoopRemedyLog: unable to delete remedy log, instaCrash: false
06-22 19:13:41.951 23945 23945 W CrashLoopRemedyLog: unable to delete remedy log, instaCrash: true
06-22 19:13:41.960 23945 23945 W AppReliabilityOps: Errorreporting: Legacy
06-22 19:13:41.980 23945 23945 I facebook.katana: type=1400 audit(0.0:9108): avc: denied { open } for path="/proc/zoneinfo" dev="proc" ino=4026532214 scontext=u:r:untrusted_app:s0:c94,c256,c512,c768 tcontext=u:object_r:proc_zoneinfo:s0 tclass=file permissive=1
06-22 19:13:41.980 23945 23945 I facebook.katana: type=1400 audit(0.0:9109): avc: denied { getattr } for path="/proc/zoneinfo" dev="proc" ino=4026532214 scontext=u:r:untrusted_app:s0:c94,c256,c512,c768 tcontext=u:object_r:proc_zoneinfo:s0 tclass=file permissive=1
06-22 19:13:42.060 23962 23962 I AppStateLoggerT: type=1400 audit(0.0:9110): avc: denied { read } for name="osrelease" dev="proc" ino=3085055 scontext=u:r:untrusted_app:s0:c94,c256,c512,c768 tcontext=u:object_r:proc:s0 tclass=file permissive=1
06-22 19:13:42.060 23962 23962 I AppStateLoggerT: type=1400 audit(0.0:9111): avc: denied { open } for path="/proc/sys/kernel/osrelease" dev="proc" ino=3085055 scontext=u:r:untrusted_app:s0:c94,c256,c512,c768 tcontext=u:object_r:proc:s0 tclass=file permissive=1
06-22 19:13:42.099 23945 23945 E ACRA    : Initializing ANR detector for process: com.facebook.katana
06-22 19:13:42.108 23945 23945 W MultiSignalANRDetectorAcra: Starting
06-22 19:13:42.109 23945 23945 W ProcessAnrErrorMonitor: startMonitoring with delay: 4000
06-22 19:13:42.127 23945 23945 W SoLoader: context.getApplicationContext returned null, holding reference to original context.
06-22 19:13:42.391 23945 23945 W dalvik-internals: sigaction succeeded
06-22 19:13:42.403 23945 23945 I facebook.katan: Waiting for a blocking GC Debugger
06-22 19:13:42.481 23945 23945 I facebook.katan: WaitForGcToComplete blocked Debugger on AddRemoveAppImageSpace for 78.312ms
06-22 19:13:42.485 23945 23945 W dalvik-internals: ignoring failure to find _ZN3art12FaultManager35EnsureArtActionInFrontOfSignalChainEv: could not hook _ZN3art12FaultManager35EnsureArtActionInFrontOfSignalChainEv
06-22 19:13:42.486 23945 23945 V dalvik-internals: hooked signal using trap ()
06-22 19:13:42.486 23945 23945 V dalvik-internals: hooked sysv_signal using trap ()
06-22 19:13:42.486 23945 23945 V dalvik-internals: hooked bsd_signal using trap ()
06-22 19:13:42.486 23945 23945 V dalvik-internals: hooked sigaction using trap ()
06-22 19:13:42.486 23945 23945 D CACHE_HINTS: Entering madvise file
06-22 19:13:42.488 23945 23945 D CACHE_HINTS: MADVISE_RAND file 0xe3594000 520191 /data/app/com.facebook.katana-Lh4eDaxuWhBcJtrigpsBLw==/base.apk
06-22 19:13:42.488 23945 23945 D CACHE_HINTS: MADVISE_RAND file 0xe3613000 360447 /data/app/com.facebook.katana-Lh4eDaxuWhBcJtrigpsBLw==/base.apk
06-22 19:13:42.495 23945 23953 W System  : A resource failed to call close. 
06-22 19:13:42.500 23945 23945 I facebook.katana: type=1400 audit(0.0:9112): avc: denied { open } for path="/proc/vmstat" dev="proc" ino=4026532213 scontext=u:r:untrusted_app:s0:c94,c256,c512,c768 tcontext=u:object_r:proc_vmstat:s0 tclass=file permissive=1
06-22 19:13:42.569 23945 23945 I LoadedApk: No resource references to update in package com.facebook.katana.arservicesoptional
06-22 19:13:42.573 23945 23945 I LoadedApk: No resource references to update in package com.facebook.katana.codegenerator
06-22 19:13:42.577 23945 23945 I LoadedApk: No resource references to update in package com.facebook.katana.rtc
06-22 19:13:42.581 23945 23945 I LoadedApk: No resource references to update in package com.facebook.katana.cgnativeplayer
06-22 19:13:42.584 23945 23945 I LoadedApk: No resource references to update in package com.facebook.katana.groupsadmin
06-22 19:13:42.587 23945 23945 I LoadedApk: No resource references to update in package com.facebook.katana.slam
06-22 19:13:42.590 23945 23945 I LoadedApk: No resource references to update in package com.facebook.katana.caffe2pytorchsharedmodule
06-22 19:13:42.597 23945 23945 I LoadedApk: No resource references to update in package com.facebook.katana.caffe2
06-22 19:13:42.598 23945 23945 I LoadedApk: No resource references to update in package com.facebook.katana.streamingsdk
06-22 19:13:42.776   283   283 I wmt_launcher: fw log ctrl flag has been set
06-22 19:13:42.776   283   283 I wmt_launcher: fw dynamic ctrl flag has been set
06-22 19:13:42.929 23945 23970 I dalvik-internals: installed sigmux crash handler for crash log
06-22 19:13:42.934 23945 23970 V appstatelogger: Registered App State Logger stream with Breakpad
06-22 19:13:42.995   459   477 W libprocessgroup: kill(-23921, 9) failed: No such process
06-22 19:13:42.995   459   477 I libprocessgroup: Successfully killed process cgroup uid 10097 pid 23921 in 0ms
06-22 19:13:42.995   246   246 I Zygote  : Process 23921 exited due to signal (9)
06-22 19:13:43.014   459  3673 I ActivityManager: Process com.android.chrome (pid 23921) has died: cch  CEM 
06-22 19:13:43.062 23945 23970 D appstatelogger: Tracking self-SIGKILLs for all of FADv2 rather than just FADv1
06-22 19:13:43.114 23945 23970 W Ditto   : Ditto initialized, state = DittoState{build id=221372288;in QE=false;enable ditto=false;patch name=;override=none;crash mitigation detected=false}; identifier = null
06-22 19:13:43.121 23945 23979 I nightwatch-lib: watcher succeeded mmap /data/data/com.facebook.katana/app_watcher/com.facebook.katana_ebeee156-8c4b-4abf-3b48-1bc17b22ff35.txt
06-22 19:13:43.130 23945 23979 I nightwatch-target: waiting on child pid 23980
06-22 19:13:43.174 23945 23975 W SigquitDetectorAcra: nativeInit
06-22 19:13:43.175 23945 23975 D SigquitDetector: Signal catcher tid: 23951
06-22 19:13:43.188 23945 23975 D SigquitDetector: Initialized [Acra]
06-22 19:13:43.192 23980 23980 I nightwatch-watcher: I have arisen! pid: 23980
06-22 19:13:43.193 23980 23980 I nightwatch-lib: watcher succeeded mmap /data/data/com.facebook.katana/app_watcher/com.facebook.katana_ebeee156-8c4b-4abf-3b48-1bc17b22ff35.txt
06-22 19:13:43.193 23980 23980 I nightwatch-watcher: attached to tid 23979 in pid 23945, ptrace_ret: 0
06-22 19:13:43.193 23945 23975 D         : Function fsync hooked with result=0
06-22 19:13:43.193 23980 23980 I nightwatch-watcher: created thread to monitor process resources
06-22 19:13:43.193 23980 23980 I nightwatch-watcher: created thread to capture logcat
06-22 19:13:43.193 23980 23980 I nightwatch-watcher: target tid 23979 stopped with signal 19. continuing and delivering signal 0
06-22 19:13:43.194 23945 23975 D         : Function fdatasync hooked with result=0
06-22 19:13:43.190 23982 23982 I libwatcher_bina: type=1400 audit(0.0:9113): avc: denied { read } for name="file-nr" dev="proc" ino=3085124 scontext=u:r:untrusted_app:s0:c94,c256,c512,c768 tcontext=u:object_r:proc:s0 tclass=file permissive=1
06-22 19:13:43.190 23982 23982 I libwatcher_bina: type=1400 audit(0.0:9114): avc: denied { open } for path="/proc/sys/fs/file-nr" dev="proc" ino=3085124 scontext=u:r:untrusted_app:s0:c94,c256,c512,c768 tcontext=u:object_r:proc:s0 tclass=file permissive=1
06-22 19:13:43.195 23945 23975 D         : Function msync hooked with result=0
06-22 19:13:43.196 23945 23975 D         : Function sync hooked with result=0
06-22 19:13:43.209 23945 23970 W DexLibLoader: disabling background optimization
06-22 19:13:43.218 23945 23976 V AospBugFixOpts: set AOSP bug fix jboolean EnableAospBugFixes: bugFixOpt -> enable = 0. Given 0
06-22 19:13:43.323 23945 23970 W MultiDexClassLoader: unable to use native MDCL: falling back to Java impl
06-22 19:13:43.323 23945 23970 W MultiDexClassLoader: java.lang.RuntimeException: Invalid API Level
06-22 19:13:43.323 23945 23970 W MultiDexClassLoader: 	at |lyra|{/data/data/com.facebook.katana/lib-superpack-xz/libdexload.so}._ZN8facebook4lyra9cxa_throwEPvPKSt9type_infoPFvS1_E(7BF5D6F8-6AC2-78DA-EDE9-C2CE81B8C7F8:397428)
06-22 19:13:43.323 23945 23970 W MultiDexClassLoader: 	at |lyra|{/data/data/com.facebook.katana/lib-superpack-xz/libdexload.so}.(7BF5D6F8-6AC2-78DA-EDE9-C2CE81B8C7F8:167242)
06-22 19:13:43.323 23945 23970 W MultiDexClassLoader: 	at |lyra|{/data/data/com.facebook.katana/lib-superpack-xz/libdexload.so}.(7BF5D6F8-6AC2-78DA-EDE9-C2CE81B8C7F8:163310)
06-22 19:13:43.323 23945 23970 W MultiDexClassLoader: 	at |lyra|{/data/data/com.facebook.katana/lib-superpack-xz/libdexload.so}.(7BF5D6F8-6AC2-78DA-EDE9-C2CE81B8C7F8:174008)
06-22 19:13:43.323 23945 23970 W MultiDexClassLoader: 	at |lyra|{/data/data/com.facebook.katana/lib-superpack-xz/libdexload.so}.(7BF5D6F8-6AC2-78DA-EDE9-C2CE81B8C7F8:173890)
06-22 19:13:43.323 23945 23970 W MultiDexClassLoader: 	at |lyra|{/data/data/com.facebook.katana/lib-superpack-xz/libdexload.so}.(7BF5D6F8-6AC2-78DA-EDE9-C2CE81B8C7F8:168764)
06-22 19:13:43.323 23945 23970 W MultiDexClassLoader: 	at com.facebook.common.dextricks.MultiDexClassLoaderArtNative.init(Native Method)
