06-22 19:13:43.323 23945 23970 W MultiDexClassLoader: 	at com.facebook.common.dextricks.MultiDexClassLoaderArtNative.<init>(:60)
06-22 19:13:43.323 23945 23970 W MultiDexClassLoader: 	at com.facebook.common.dextricks.MultiDexClassLoader.createMultiDexClassLoader(:71)
06-22 19:13:43.323 23945 23970 W MultiDexClassLoader: 	at com.facebook.common.dextricks.MultiDexClassLoader.install(:97)
06-22 19:13:43.323 23945 23970 W MultiDexClassLoader: 	at com.facebook.common.dextricks.DexStore.loadDexFiles(:186)
06-22 19:13:43.323 23945 23970 W MultiDexClassLoader: 	at com.facebook.common.dextricks.DexStore.loadAllImpl(:866)
06-22 19:13:43.323 23945 23970 W MultiDexClassLoader: 	at com.facebook.common.dextricks.DexStore.loadAll(:1)
06-22 19:13:43.323 23945 23970 W MultiDexClassLoader: 	at com.facebook.common.dextricks.DexLibLoader.loadAllImpl(:178)
06-22 19:13:43.323 23945 23970 W MultiDexClassLoader: 	at com.facebook.common.dextricks.DexLibLoader.loadAll(:10783)
06-22 19:13:43.323 23945 23970 W MultiDexClassLoader: 	at com.facebook.common.dextricks.DexLibLoader.loadAll(:10779)
06-22 19:13:43.323 23945 23970 W MultiDexClassLoader: 	at X.00S.A00(:9)
06-22 19:13:43.323 23945 23970 W MultiDexClassLoader: 	at X.00I.A03(:11)
06-22 19:13:43.323 23945 23970 W MultiDexClassLoader: 	at X.00I.Aah(:1334)
06-22 19:13:43.323 23945 23970 W MultiDexClassLoader: 	at com.facebook.katana.app.FacebookApplication.A0A(:4)
06-22 19:13:43.323 23945 23970 W MultiDexClassLoader: 	at X.002.A06(:5)
06-22 19:13:43.323 23945 23970 W MultiDexClassLoader: 	at X.04y.run(:13)
06-22 19:13:43.366 23945 23970 W DexLibLoader: Comparing new 1592523561646 to old 1592523561646
06-22 19:13:43.395 23945 23945 W facebook.katan: Long monitor contention with owner EnsureDelegate (23970) at int sun.nio.ch.FileDispatcherImpl.pread0(java.io.FileDescriptor, long, int, long)(FileDispatcherImpl.java:-2) waiters=0 in void X.002.A06() for 596ms
06-22 19:13:43.636   459  6398 I ActivityManager: Process com.google.android.googlequicksearchbox:search (pid 23415) has died: svcb SVC 
06-22 19:13:43.638   246   246 I Zygote  : Process 23415 exited due to signal (9)
06-22 19:13:43.651   284  6891 I AUDIOALG: AEC: Vol 0, BeamIdx=0 NumActvRef 2
06-22 19:13:43.651   284  6891 I AUDIOALG: VoIP = 0, m_SpeakerSelect = 0, isUsingAdaptRef 0
06-22 19:13:43.651   284  6891 I AUDIOALG: Each number represents average ERLE number of 8 frames(4ms)
06-22 19:13:43.652   284  6891 I AUDIOALG: AEC ATTN (dB)
06-22 19:13:43.652   284  6891 I AUDIOALG:  0.00  0.00  0.00  0.00  0.00  0.00  0.00  0.00
06-22 19:13:43.652   284  6891 I AUDIOALG:  0.00  0.00  0.00  0.00  0.00  0.00  0.00  0.00
06-22 19:13:43.652   284  6891 I AUDIOALG:  0.00  0.00  0.00  0.00  0.00  0.00  0.00  0.00
06-22 19:13:43.652   284  6891 I AUDIOALG:  0.00  0.00  0.00  0.00  0.00  0.00  0.00  0.00
06-22 19:13:43.652   284  6891 I AUDIOALG:  0.00  0.00  0.00  0.00  0.00  0.00  0.00  0.00
06-22 19:13:43.652   284  6891 I AUDIOALG:  0.00  0.00  0.00  0.00  0.00  0.00  0.00  0.00
06-22 19:13:43.652   284  6891 I AUDIOALG:  0.00  0.00  0.00  0.00  0.00  0.00  0.00  0.00
06-22 19:13:43.652   284  6891 I AUDIOALG:  0.00  0.00  0.00  0.00  0.00  0.00  0.00  0.00
06-22 19:13:43.652   284  6891 I AUDIOALG:  0.00  0.00  0.00  0.00  0.00  0.00  0.00  0.00
06-22 19:13:43.652   284  6891 I AUDIOALG:  0.00  0.00  0.00  0.00  0.00  0.00  0.00  0.00
06-22 19:13:43.655   459   469 D ConnectivityService: ConnectivityService NetworkRequestInfo binderDied(NetworkRequest [ TRACK_DEFAULT id=2192, [ Capabilities: INTERNET&NOT_RESTRICTED&TRUSTED Unwanted:  Uid: 10018] ], android.os.BinderProxy@f0dbe3d)
06-22 19:13:43.655   459  3672 D ConnectivityService: ConnectivityService NetworkRequestInfo binderDied(NetworkRequest [ LISTEN id=2193, [ Capabilities: INTERNET&NOT_RESTRICTED&TRUSTED Unwanted:  Uid: 10018] ], android.os.BinderProxy@8fec632)
06-22 19:13:43.655   459   566 D ConnectivityService: releasing NetworkRequest [ TRACK_DEFAULT id=2192, [ Capabilities: INTERNET&NOT_RESTRICTED&TRUSTED Unwanted:  Uid: 10018] ] (release request)
06-22 19:13:43.657   459   755 I WindowManager: WIN DEATH: Window{d77be18 u0 ch.deletescape.lawnchair.plah/ch.deletescape.lawnchair.LawnchairLauncher}
06-22 19:13:43.659   459  6398 W ActivityManager: Scheduling restart of crashed service com.google.android.googlequicksearchbox/com.google.android.apps.gsa.search.core.service.SearchService in 1024000ms
06-22 19:13:43.659   459  6398 W ActivityManager: Scheduling restart of crashed service com.google.android.googlequicksearchbox/com.google.android.apps.gsa.nowoverlayservice.DrawerOverlayService in 1000ms
06-22 19:13:43.659   459  6398 W ActivityManager: Scheduling restart of crashed service com.google.android.googlequicksearchbox/com.google.android.apps.gsa.search.core.BroadcastListenerService in 21504000ms
06-22 19:13:43.663   459   547 W InputDispatcher: channel 'd77be18 ch.deletescape.lawnchair.plah/ch.deletescape.lawnchair.LawnchairLauncher (server)' ~ Consumer closed input channel or an error occurred.  events=0x9
06-22 19:13:43.663   459   547 E InputDispatcher: channel 'd77be18 ch.deletescape.lawnchair.plah/ch.deletescape.lawnchair.LawnchairLauncher (server)' ~ Channel is unrecoverably broken and will be disposed!
06-22 19:13:43.663   459   755 W InputDispatcher: Attempted to unregister already unregistered input channel 'd77be18 ch.deletescape.lawnchair.plah/ch.deletescape.lawnchair.LawnchairLauncher (server)'
06-22 19:13:43.680   459   482 W ActivityManager: setHasOverlayUi called on unknown pid: 23415
06-22 19:13:43.689 23945 23990 E fb4a.MobileConfigFactoryImpl: init java manager success: yes, sessionless: yes, expect to use TT: no, but actually use TT: no
06-22 19:13:43.695 23945 23945 E fb4a.MobileConfigFactoryImpl: init java manager success: yes, sessionless: no, expect to use TT: yes, but actually use TT: no
06-22 19:13:43.701   459   477 W libprocessgroup: kill(-23415, 9) failed: No such process
06-22 19:13:43.701   459   477 W libprocessgroup: kill(23415, 9) failed: No such process
06-22 19:13:43.731 23945 23993 W fb4a.FrscLanguagePackLoader: Loading FRSC strings for locale (en)
06-22 19:13:43.744   459   477 W libprocessgroup: kill(-23415, 9) failed: No such process
06-22 19:13:43.745   459   477 I libprocessgroup: Successfully killed process cgroup uid 10018 pid 23415 in 109ms
06-22 19:13:43.826 23945 23990 D CACHE_HINTS: Entering madvise file
06-22 19:13:43.827 23945 23990 D CACHE_HINTS: MADVISE_RAND file 0xc8e7d000 4988927 /data/data/com.facebook.katana/app_restricks/layouts.bin
06-22 19:13:43.941 23945 24002 W facebook.katan: Long monitor contention with owner main (23945) at com.facebook.jni.HybridData com.facebook.xanalytics.XAnalyticsAdapterHolder.initHybrid(com.facebook.xanalytics.XAnalyticsAdapter)(:-2) waiters=0 in com.facebook.quicklog.QuickPerformanceLogger X.0wz.A02(X.0mP) for 111ms
06-22 19:13:43.952 23945 23945 W facebook.katan: !bang JNI is deprecated. Switch to @FastNative for void com.facebook.yoga.YogaSetup.jni_enableFacebookInstrumentation()
06-22 19:13:43.952 23945 23945 W facebook.katan: !bang JNI is deprecated. Switch to @FastNative for void com.facebook.yoga.YogaSetup.jni_resetCounters()
06-22 19:13:43.967 23945 23950 I facebook.katan: Method exceeds compiler instruction limit: 24180 in java.lang.Object X.322.A00(int, X.0mP)
06-22 19:13:43.995 23945 24002 W fb4a.FrscLanguagePackLoader: FRSC English strings buffer size - (limit : 552740, capacity : 552740)
06-22 19:13:44.045 23945 23989 I facebook.katan: IncrementDisableThreadFlip blocked for 23.922ms
06-22 19:13:44.050 23945 23991 W Profilo/BlackBoxApi: UNABLE TO START: No config
06-22 19:13:44.106 23945 23993 V tigonliger: tigonliger/JNI_OnLoad called
06-22 19:13:44.190 24014 24014 I CombinedTP9: type=1400 audit(0.0:9115): avc: denied { read } for name="stats" dev="proc" ino=4026533007 scontext=u:r:untrusted_app:s0:c94,c256,c512,c768 tcontext=u:object_r:proc_qtaguid_stat:s0 tclass=file permissive=1
06-22 19:13:44.190 24014 24014 I CombinedTP9: type=1400 audit(0.0:9116): avc: denied { open } for path="/proc/23945/net/xt_qtaguid/stats" dev="proc" ino=4026533007 scontext=u:r:untrusted_app:s0:c94,c256,c512,c768 tcontext=u:object_r:proc_qtaguid_stat:s0 tclass=file permissive=1
06-22 19:13:44.270 23945 23945 W fb4a.DYNA|StartupMetricTracker: Couldn't stop tracing at DD!
06-22 19:13:44.336   459   476 I ActivityManager: Start proc 24018:com.topjohnwu.magisk/u0a138 for broadcast com.topjohnwu.magisk/a.h
06-22 19:13:44.344 24018 24018 I Zygote  : seccomp disabled by setenforce 0
06-22 19:13:44.359 24018 24018 E opjohnwu.magis: Not starting debugger since process cannot load the jdwp agent.
06-22 19:13:44.473 23945 23953 W System  : A resource failed to call close. 
06-22 19:13:44.473 23945 23953 W System  : A resource failed to call close. 
06-22 19:13:44.519 23945 23993 V tigonliger: tigonapi/JNI_OnLoad called
06-22 19:13:44.569 23945 23965 D         : Function _ZN3art13SignalCatcher6OutputERKNSt3__112basic_stringIcNS1_11char_traitsIcEENS1_9allocatorIcEEEE hooked with result=0
06-22 19:13:44.569 23945 23965 D SigquitDetector: Hooked methods [Acra]
06-22 19:13:44.783   283   283 I wmt_launcher: fw log ctrl flag has been set
06-22 19:13:44.783   283   283 I wmt_launcher: fw dynamic ctrl flag has been set
06-22 19:13:44.848 23945 24013 I mobileconfig: Using OTA mobileconfig resource
06-22 19:13:44.910 24018 24018 W opjohnwu.magis: resources.arsc in APK '/data/app/com.topjohnwu.magisk-eM30I7R9Y9fBFa_-F-fFqg==/base.apk' is compressed.
06-22 19:13:45.392 23945 23993 E fb4a.StartupInfraPreloader: Unknown component: feedunittreeserializer
06-22 19:13:45.394 23945 23993 E fb4a.StartupInfraPreloader: Unknown component: 	
