06-22 19:13:20.623   284  6891 I AUDIOALG:  0.00  0.00  0.00  0.00  0.00  0.00  0.00  0.00
06-22 19:13:20.623   284  6891 I AUDIOALG:  0.00  0.00  0.00  0.00  0.00  0.00  0.00  0.00
06-22 19:13:20.623   284  6891 I AUDIOALG:  0.00  0.00  0.00  0.00  0.00  0.00  0.00  0.00
06-22 19:13:20.623   284  6891 I AUDIOALG:  0.00  0.00  0.00  0.00  0.00  0.00  0.00  0.00
06-22 19:13:20.623   284  6891 I AUDIOALG:  0.00  0.00  0.00  0.00  0.00  0.00  0.00  0.00
06-22 19:13:20.623   284  6891 I AUDIOALG:  0.00  0.00  0.00  0.00  0.00  0.00  0.00  0.00
06-22 19:13:20.623   284  6891 I AUDIOALG:  0.00  0.00  0.00  0.00  0.00  0.00  0.00  0.00
06-22 19:13:20.647 23626 23686 D vndksupport: Loading /vendor/lib/hw/android.hardware.graphics.mapper@2.0-impl.so from current namespace instead of sphal namespace.
06-22 19:13:20.648 23626 23686 D vndksupport: Loading /vendor/lib/hw/gralloc.mt8163.so from current namespace instead of sphal namespace.
06-22 19:13:20.649 23626 23686 D vndksupport: Loading /vendor/lib/hw/gralloc.mt8163.so from current namespace instead of sphal namespace.
06-22 19:13:20.650 23626 23686 E ion     : ioctl c0044901 failed with code -1: Invalid argument
06-22 19:13:20.659 23626 23686 D vndksupport: Loading /vendor/lib/hw/gralloc.mt8163.so from current namespace instead of sphal namespace.
06-22 19:13:20.660 23626 23686 I OpenGLRenderer: Davey! duration=1537ms; Flags=0, IntendedVsync=86297448710919, Vsync=86298698710869, OldestInputEvent=9223372036854775807, NewestInputEvent=0, HandleInputStart=86298699000988, AnimationStart=86298699097758, PerformTraversalsStart=86298701455988, DrawStart=86298753767989, SyncQueued=86298936701681, SyncStart=86298936881681, IssueDrawCommandsStart=86298937364219, SwapBuffers=86298984736527, FrameCompleted=86298986798450, DequeueBufferDuration=180000, QueueBufferDuration=291000, 
06-22 19:13:20.671   459   473 I ActivityManager: Displayed com.vanced.manager/.ui.MainActivity: +7s472ms
06-22 19:13:20.675   286   286 W [MALI][Gralloc-Warning]: int gralloc_register_buffer(const gralloc_module_t *, buffer_handle_t):99 Registering handle 0xe26722c0 coming from the same process: 286.
06-22 19:13:20.756   283   283 I wmt_launcher: fw log ctrl flag has been set
06-22 19:13:20.756   283   283 I wmt_launcher: fw dynamic ctrl flag has been set
06-22 19:13:20.844   286   988 W SurfaceFlinger: Attempting to set client state on removed layer: Splash Screen com.vanced.manager#0
06-22 19:13:20.844   286   988 W SurfaceFlinger: Attempting to destroy on removed layer: Splash Screen com.vanced.manager#0
06-22 19:13:20.890   286   286 W [MALI][Gralloc-Warning]: int gralloc_register_buffer(const gralloc_module_t *, buffer_handle_t):99 Registering handle 0xe26716c0 coming from the same process: 286.
06-22 19:13:20.953   459  3672 E LightsService: Light requested not available on this device. 2
06-22 19:13:20.974   286   286 W [MALI][Gralloc-Warning]: int gralloc_register_buffer(const gralloc_module_t *, buffer_handle_t):99 Registering handle 0xe2671840 coming from the same process: 286.
06-22 19:13:21.280 23415 23588 I PBSessionCacheImpl: Deleted sessionId[102981851896280874] from persistence.
06-22 19:13:21.355 23415 23457 W SearchServiceCore: Abort, client detached.
06-22 19:13:21.362 23415 23457 I MicroDetectionState: Should stop hotword detection immediately - false
06-22 19:13:22.299 23621 23701 I FirebaseCrash: Sending crashes
06-22 19:13:22.758   283   283 I wmt_launcher: fw log ctrl flag has been set
06-22 19:13:22.758   283   283 I wmt_launcher: fw dynamic ctrl flag has been set
06-22 19:13:22.947   459   547 E LightsService: Light requested not available on this device. 2
06-22 19:13:23.095 23626 23626 D VMInstall: Requesting user confirmation for installation
06-22 19:13:23.096   459  3672 I ActivityManager: START u0 {act=android.intent.action.UNINSTALL_PACKAGE dat=package:com.mgoogle.android.gms flg=0x10000000 cmp=com.google.android.packageinstaller/com.android.packageinstaller.UninstallerActivity (has extras)} from uid 10207
06-22 19:13:23.169   284  6891 I AUDIOALG: AEC: Vol 0, BeamIdx=0 NumActvRef 2
06-22 19:13:23.169   284  6891 I AUDIOALG: VoIP = 0, m_SpeakerSelect = 0, isUsingAdaptRef 0
06-22 19:13:23.169   284  6891 I AUDIOALG: Each number represents average ERLE number of 8 frames(4ms)
06-22 19:13:23.169   284  6891 I AUDIOALG: AEC ATTN (dB)
06-22 19:13:23.169   284  6891 I AUDIOALG:  0.00  0.00  0.00  0.00  0.00  0.00  0.00  0.00
06-22 19:13:23.169   284  6891 I AUDIOALG:  0.00  0.00  0.00  0.00  0.00  0.00  0.00  0.00
06-22 19:13:23.169   284  6891 I AUDIOALG:  0.00  0.00  0.00  0.00  0.00  0.00  0.00  0.00
06-22 19:13:23.169   284  6891 I AUDIOALG:  0.00  0.00  0.00  0.00  0.00  0.00  0.00  0.00
06-22 19:13:23.169   284  6891 I AUDIOALG:  0.00  0.00  0.00  0.00  0.00  0.00  0.00  0.00
06-22 19:13:23.169   284  6891 I AUDIOALG:  0.00  0.00  0.00  0.00  0.00  0.00  0.00  0.00
06-22 19:13:23.169   284  6891 I AUDIOALG:  0.00  0.00  0.00  0.00  0.00  0.00  0.00  0.00
06-22 19:13:23.169   284  6891 I AUDIOALG:  0.00  0.00  0.00  0.00  0.00  0.00  0.00  0.00
06-22 19:13:23.169   284  6891 I AUDIOALG:  0.00  0.00  0.00  0.00  0.00  0.00  0.00  0.00
06-22 19:13:23.169   284  6891 I AUDIOALG:  0.00  0.00  0.00  0.00  0.00  0.00  0.00  0.00
06-22 19:13:23.341   640   657 I ndroid.systemu: NativeAlloc concurrent copying GC freed 3047(185KB) AllocSpace objects, 0(0B) LOS objects, 68% free, 5MB/17MB, paused 134us total 184.272ms
06-22 19:13:23.376 23626 23686 D mali_winsys: EGLint new_window_surface(egl_winsys_display*, void*, EGLSurface, EGLConfig, egl_winsys_surface**, egl_color_buffer_format*, EGLBoolean) returns 0x3000
06-22 19:13:23.380   459   476 I ActivityManager: Start proc 23702:com.google.android.packageinstaller/u0a23 for activity com.google.android.packageinstaller/com.android.packageinstaller.UninstallerActivity
06-22 19:13:23.382 23702 23702 I Zygote  : seccomp disabled by setenforce 0
06-22 19:13:23.398 23702 23702 E ackageinstalle: Not starting debugger since process cannot load the jdwp agent.
06-22 19:13:23.440   286   286 W [MALI][Gralloc-Warning]: int gralloc_register_buffer(const gralloc_module_t *, buffer_handle_t):99 Registering handle 0xe2672800 coming from the same process: 286.
06-22 19:13:23.441   286   286 D MALI    : eglCreateImageKHR:513: [Crop] 0 0 158 67  img[158 67] 
06-22 19:13:23.615 23702 23702 D OpenGLRenderer: Skia GL Pipeline
06-22 19:13:23.693 23702 23719 D vndksupport: Loading /vendor/lib/hw/gralloc.mt8163.so from current namespace instead of sphal namespace.
06-22 19:13:23.699 23702 23719 I ConfigStore: android::hardware::configstore::V1_0::ISurfaceFlingerConfigs::hasWideColorDisplay retrieved: 0
06-22 19:13:23.699 23702 23719 I ConfigStore: android::hardware::configstore::V1_0::ISurfaceFlingerConfigs::hasHDRDisplay retrieved: 0
06-22 19:13:23.699 23702 23719 I OpenGLRenderer: Initialized EGL, version 1.4
06-22 19:13:23.699 23702 23719 D OpenGLRenderer: Swap behavior 0
06-22 19:13:23.712 23702 23719 D mali_winsys: EGLint new_window_surface(egl_winsys_display*, void*, EGLSurface, EGLConfig, egl_winsys_surface**, egl_color_buffer_format*, EGLBoolean) returns 0x3000
06-22 19:13:23.717   286   988 D SurfaceFlinger: duplicate layer name: changing com.google.android.packageinstaller/com.android.packageinstaller.UninstallerActivity to com.google.android.packageinstaller/com.android.packageinstaller.UninstallerActivity#1
06-22 19:13:23.719 23702 23719 D mali_winsys: EGLint new_window_surface(egl_winsys_display*, void*, EGLSurface, EGLConfig, egl_winsys_surface**, egl_color_buffer_format*, EGLBoolean) returns 0x3000
06-22 19:13:23.730 23702 23719 D vndksupport: Loading /vendor/lib/hw/android.hardware.graphics.mapper@2.0-impl.so from current namespace instead of sphal namespace.
06-22 19:13:23.731 23702 23719 D vndksupport: Loading /vendor/lib/hw/gralloc.mt8163.so from current namespace instead of sphal namespace.
06-22 19:13:23.732 23702 23719 D vndksupport: Loading /vendor/lib/hw/gralloc.mt8163.so from current namespace instead of sphal namespace.
06-22 19:13:23.733 23702 23719 E ion     : ioctl c0044901 failed with code -1: Invalid argument
06-22 19:13:23.738 23702 23719 D vndksupport: Loading /vendor/lib/hw/gralloc.mt8163.so from current namespace instead of sphal namespace.
06-22 19:13:23.758   459   473 I ActivityManager: Displayed com.google.android.packageinstaller/com.android.packageinstaller.UninstallerActivity: +650ms
06-22 19:13:23.791   286   286 W [MALI][Gralloc-Warning]: int gralloc_register_buffer(const gralloc_module_t *, buffer_handle_t):99 Registering handle 0xe2672d40 coming from the same process: 286.
06-22 19:13:23.792   286   286 D MALI    : eglCreateImageKHR:513: [Crop] 0 0 725 346  img[725 346] 
06-22 19:13:24.760   283   283 I wmt_launcher: fw log ctrl flag has been set
06-22 19:13:24.760   283   283 I wmt_launcher: fw dynamic ctrl flag has been set
06-22 19:13:24.927   459  5730 I ActivityManager: START u0 {cmp=com.google.android.packageinstaller/com.android.packageinstaller.UninstallUninstalling (has extras)} from uid 10023
06-22 19:13:24.937 23702 23719 D OpenGLRenderer: endAllActiveAnimators on 0xe39b5880 (RippleDrawable) with handle 0xe39b0ca0
06-22 19:13:24.940   286   286 W [MALI][Gralloc-Warning]: int gralloc_register_buffer(const gralloc_module_t *, buffer_handle_t):99 Registering handle 0xe2672a40 coming from the same process: 286.
06-22 19:13:24.954 23702 23702 W ActivityThread: handleWindowVisibility: no activity for token android.os.BinderProxy@cdbd47
06-22 19:13:24.983   459   474 I ActivityManager: Force stopping com.mgoogle.android.gms appid=10208 user=0: deletePackageX
06-22 19:13:24.991   286   286 D MALI    : eglCreateImageKHR:513: [Crop] 0 0 725 346  img[725 346] 
06-22 19:13:25.030 23702 23719 D mali_winsys: EGLint new_window_surface(egl_winsys_display*, void*, EGLSurface, EGLConfig, egl_winsys_surface**, egl_color_buffer_format*, EGLBoolean) returns 0x3000
06-22 19:13:25.037   286   375 D SurfaceFlinger: duplicate layer name: changing com.google.android.packageinstaller/com.android.packageinstaller.UninstallUninstalling to com.google.android.packageinstaller/com.android.packageinstaller.UninstallUninstalling#1
06-22 19:13:25.041 23702 23719 D mali_winsys: EGLint new_window_surface(egl_winsys_display*, void*, EGLSurface, EGLConfig, egl_winsys_surface**, egl_color_buffer_format*, EGLBoolean) returns 0x3000
06-22 19:13:25.100   459   487 I PackageManager: Removing old permission tree: com.mgoogle.android.googleapps.permission.GOOGLE_AUTH from package com.mgoogle.android.gms
06-22 19:13:25.100   459   487 I PackageManager: Removing old permission tree: com.mgoogle.android.googleapps.permission.GOOGLE_AUTH.writely from package com.mgoogle.android.gms
06-22 19:13:25.100   459   487 I PackageManager: Removing old permission tree: org.mgoogle.permission.FORCE_COARSE_LOCATION from package com.mgoogle.android.gms
06-22 19:13:25.100   459   487 I PackageManager: Removing old permission tree: com.mgoogle.android.c2dm.permission.SEND from package com.mgoogle.android.gms
06-22 19:13:25.100   459   487 I PackageManager: Removing old permission tree: com.mgoogle.android.gtalkservice.permission.GTALK_SERVICE from package com.mgoogle.android.gms
06-22 19:13:25.100   459   487 I PackageManager: Removing old permission tree: com.mgoogle.android.googleapps.permission.GOOGLE_AUTH.local from package com.mgoogle.android.gms
06-22 19:13:25.100   459   487 I PackageManager: Removing old permission tree: org.mgoogle.gms.STATUS_BROADCAST from package com.mgoogle.android.gms
06-22 19:13:25.100   459   487 I PackageManager: Removing old permission tree: com.mgoogle.android.googleapps.permission.GOOGLE_AUTH.cp from package com.mgoogle.android.gms
06-22 19:13:25.100   459   487 I PackageManager: Removing old permission tree: com.mgoogle.android.googleapps.permission.GOOGLE_AUTH.mail from package com.mgoogle.android.gms
06-22 19:13:25.100   459   487 I PackageManager: Removing old permission tree: org.mgoogle.gms.EXTENDED_ACCESS from package com.mgoogle.android.gms
06-22 19:13:25.100   459   487 I PackageManager: Removing old permission tree: com.mgoogle.android.c2dm.permission.RECEIVE from package com.mgoogle.android.gms
06-22 19:13:25.106   459  3672 W NotificationService: Toast already killed. pkg=com.vanced.manager callback=android.app.ITransientNotification$Stub$Proxy@fc2bdde
06-22 19:13:25.109   286   286 W [MALI][Gralloc-Warning]: int gralloc_register_buffer(const gralloc_module_t *, buffer_handle_t):99 Registering handle 0xe2672440 coming from the same process: 286.
06-22 19:13:25.110   286   286 D MALI    : eglCreateImageKHR:513: [Crop] 0 0 725 205  img[725 205] 
06-22 19:13:25.117   286   375 W SurfaceFlinger: Attempting to set client state on removed layer: com.google.android.packageinstaller/com.android.packageinstaller.UninstallerActivity#0
06-22 19:13:25.117   286   375 W SurfaceFlinger: Attempting to destroy on removed layer: com.google.android.packageinstaller/com.android.packageinstaller.UninstallerActivity#0
06-22 19:13:25.123   286   286 W SurfaceFlinger: couldn't log to binary event log: overflow.
06-22 19:13:25.357   296   296 I keystore: clear_uid 10208
06-22 19:13:25.642   286   375 W SurfaceFlinger: Attempting to destroy on removed layer: b3a3c85 Toast#0
06-22 19:13:25.729   284  6891 I AUDIOALG: AEC: Vol 0, BeamIdx=0 NumActvRef 2
06-22 19:13:25.729   284  6891 I AUDIOALG: VoIP = 0, m_SpeakerSelect = 0, isUsingAdaptRef 0
06-22 19:13:25.729   284  6891 I AUDIOALG: Each number represents average ERLE number of 8 frames(4ms)
06-22 19:13:25.729   284  6891 I AUDIOALG: AEC ATTN (dB)
06-22 19:13:25.729   284  6891 I AUDIOALG:  0.00  0.00  0.00  0.00  0.00  0.00  0.00  0.00
06-22 19:13:25.729   284  6891 I AUDIOALG:  0.00  0.00  0.00  0.00  0.00  0.00  0.00  0.00
06-22 19:13:25.729   284  6891 I AUDIOALG:  0.00  0.00  0.00  0.00  0.00  0.00  0.00  0.00
06-22 19:13:25.729   284  6891 I AUDIOALG:  0.00  0.00  0.00  0.00  0.00  0.00  0.00  0.00
06-22 19:13:25.729   284  6891 I AUDIOALG:  0.00  0.00  0.00  0.00  0.00  0.00  0.00  0.00
06-22 19:13:25.729   284  6891 I AUDIOALG:  0.00  0.00  0.00  0.00  0.00  0.00  0.00  0.00
06-22 19:13:25.729   284  6891 I AUDIOALG:  0.00  0.00  0.00  0.00  0.00  0.00  0.00  0.00
06-22 19:13:25.729   284  6891 I AUDIOALG:  0.00  0.00  0.00  0.00  0.00  0.00  0.00  0.00
06-22 19:13:25.729   284  6891 I AUDIOALG:  0.00  0.00  0.00  0.00  0.00  0.00  0.00  0.00
06-22 19:13:25.729   284  6891 I AUDIOALG:  0.00  0.00  0.00  0.00  0.00  0.00  0.00  0.00
06-22 19:13:25.837   459   487 I system_server: Explicit concurrent copying GC freed 152336(6MB) AllocSpace objects, 40(1772KB) LOS objects, 49% free, 17MB/34MB, paused 166us total 472.817ms
06-22 19:13:25.873   459   487 I ActivityManager: Force stopping com.mgoogle.android.gms appid=10208 user=0: pkg removed
06-22 19:13:25.885   459   487 I ActivityManager: Force stopping com.mgoogle.android.gms appid=10208 user=0: pkg removed
06-22 19:13:25.911   459   476 I ActivityManager: Start proc 23733:com.android.defcontainer/u0a24 for service com.android.defcontainer/.DefaultContainerService
06-22 19:13:25.933   286   286 D MALI    : eglCreateImageKHR:513: [Crop] 0 0 800 1280  img[800 1280] 
06-22 19:13:25.946 23733 23733 I Zygote  : seccomp disabled by setenforce 0
06-22 19:13:25.964  1087  1087 I GsaVoiceInteractionSrv: O received Intent { act=android.intent.action.PACKAGE_REMOVED dat=package:com.mgoogle.android.gms flg=0x4000010 (has extras) }
06-22 19:13:25.965   459   474 W BroadcastQueue: Background execution not allowed: receiving Intent { act=android.intent.action.PACKAGE_REMOVED dat=package:com.mgoogle.android.gms flg=0x4000010 (has extras) } to com.android.vending/com.google.android.finsky.packagemanager.impl.PackageMonitorReceiverImpl$RegisteredReceiver
06-22 19:13:25.966   459   474 W BroadcastQueue: Background execution not allowed: receiving Intent { act=android.intent.action.PACKAGE_REMOVED dat=package:com.mgoogle.android.gms flg=0x4000010 (has extras) } to com.android.vending/com.google.android.finsky.instantapps.appmanagement.InstantAppRemoveMonitor
06-22 19:13:25.968   459   474 W BroadcastQueue: Background execution not allowed: receiving Intent { act=android.intent.action.PACKAGE_REMOVED dat=package:com.mgoogle.android.gms flg=0x4000010 (has extras) } to com.google.android.gms/.games.chimera.GamesSystemBroadcastReceiverProxy
06-22 19:13:25.968   459   474 W BroadcastQueue: Background execution not allowed: receiving Intent { act=android.intent.action.PACKAGE_REMOVED dat=package:com.mgoogle.android.gms flg=0x4000010 (has extras) } to com.google.android.gms/.chimera.GmsIntentOperationService$PersistentTrustedReceiver
06-22 19:13:25.968   459   474 W BroadcastQueue: Background execution not allowed: receiving Intent { act=android.intent.action.PACKAGE_REMOVED dat=package:com.mgoogle.android.gms flg=0x4000010 (has extras) } to com.google.android.googlequicksearchbox/com.google.android.apps.gsa.googlequicksearchbox.GelStubAppWatcher
06-22 19:13:25.968   459   474 W BroadcastQueue: Background execution not allowed: receiving Intent { act=android.intent.action.PACKAGE_REMOVED dat=package:com.mgoogle.android.gms flg=0x4000010 (has extras) } to com.facebook.katana/com.facebook.feed.platformads.AppInstallReceiver
06-22 19:13:25.983 23733 23733 E id.defcontaine: Not starting debugger since process cannot load the jdwp agent.
06-22 19:13:25.999   459   474 W BroadcastQueue: Background execution not allowed: receiving Intent { act=android.intent.action.PACKAGE_REMOVED dat=package:com.mgoogle.android.gms flg=0x4000010 (has extras) } to com.facebook.katana/com.facebook.games.packagecontroller.PackageChangeReceiver
06-22 19:13:26.000   459   474 W BroadcastQueue: Background execution not allowed: receiving Intent { act=android.intent.action.PACKAGE_REMOVED dat=package:com.mgoogle.android.gms flg=0x4000010 (has extras) } to com.mixplorer/.BroadcastReceiver
06-22 19:13:26.000   459   474 W BroadcastQueue: Background execution not allowed: receiving Intent { act=android.intent.action.PACKAGE_REMOVED dat=package:com.mgoogle.android.gms flg=0x4000010 (has extras) } to flar2.homebutton/a.s
06-22 19:13:26.000   459   474 W BroadcastQueue: Background execution not allowed: receiving Intent { act=android.intent.action.PACKAGE_REMOVED dat=package:com.mgoogle.android.gms flg=0x4000010 (has extras) } to ru.WtwwJlfS.GzJAaiwEn/.PackageChangeReceiver
06-22 19:13:26.006   459   480 E PackageManager: failed to find package com.mgoogle.android.gms
06-22 19:13:26.007   459   480 E OverlayManager: Failed to change enabled overlays for com.mgoogle.android.gms user 0
06-22 19:13:26.026   459   459 I ConditionProviders: Disallowing condition provider com.mgoogle.android.gms
06-22 19:13:26.077 23626 23626 D VMpm    : Successfully uninstalled android.content.pm.extra.PACKAGE_NAME
06-22 19:13:26.112   459   476 I ActivityManager: Start proc 23740:com.android.keychain/1000 for service com.android.keychain/.KeyChainService
06-22 19:13:26.119 23740 23740 I Zygote  : seccomp disabled by setenforce 0
06-22 19:13:26.125   286   457 W SurfaceFlinger: Attempting to set client state on removed layer: com.google.android.packageinstaller/com.android.packageinstaller.UninstallUninstalling#0
06-22 19:13:26.125   286   457 W SurfaceFlinger: Attempting to destroy on removed layer: com.google.android.packageinstaller/com.android.packageinstaller.UninstallUninstalling#0
06-22 19:13:26.139   459   476 I ActivityManager: Start proc 23745:com.android.documentsui/u0a14 for broadcast com.android.documentsui/.PackageReceiver
06-22 19:13:26.140   286   286 W SurfaceFlinger: couldn't log to binary event log: overflow.
06-22 19:13:26.142 23745 23745 I Zygote  : seccomp disabled by setenforce 0
06-22 19:13:26.160 23740 23740 E ndroid.keychai: Not starting debugger since process cannot load the jdwp agent.
06-22 19:13:26.172   286   457 W SurfaceFlinger: Attempting to set client state on removed layer: Dim Layer for - Task=2924#0
06-22 19:13:26.172   286   457 W SurfaceFlinger: Attempting to destroy on removed layer: Dim Layer for - Task=2924#0
06-22 19:13:26.179 23745 23745 E oid.documentsu: Not starting debugger since process cannot load the jdwp agent.
06-22 19:13:26.186 23415 23457 W SearchServiceCore: Abort, client detached.
06-22 19:13:26.192   286   457 W SurfaceFlinger: Attempting to set client state on removed layer: com.google.android.packageinstaller/com.android.packageinstaller.UninstallUninstalling#1
06-22 19:13:26.192   286   457 W SurfaceFlinger: Attempting to destroy on removed layer: com.google.android.packageinstaller/com.android.packageinstaller.UninstallUninstalling#1
06-22 19:13:26.197   286   988 W SurfaceFlinger: Attempting to destroy on removed layer: AppWindowToken{53aad2e token=Token{3d533a9 ActivityRecord{9222b30 u0 com.google.android.packageinstaller/com.android.packageinstaller.UninstallUninstalling t2924}}}#0
06-22 19:13:26.197   286   988 W SurfaceFlinger: Attempting to destroy on removed layer: Task=2924#0
06-22 19:13:26.197   459   459 W Looper  : Slow dispatch took 142ms main h=android.app.ActivityThread$H c=android.app.-$$Lambda$LoadedApk$ReceiverDispatcher$Args$_BumDX2UKsnxLVrE6UJsJZkotuA@84198a7 m=0
06-22 19:13:26.198   459   459 W Looper  : Slow delivery took 238ms main h=com.android.server.media.MediaRouterService$UserHandler c=android.app.-$$Lambda$LoadedApk$ReceiverDispatcher$Args$_BumDX2UKsnxLVrE6UJsJZkotuA@89b1154 m=0
06-22 19:13:26.351  9183  9206 I gle.android.gm: CollectorTransition concurrent copying GC freed 31515(1445KB) AllocSpace objects, 2(104KB) LOS objects, 74% free, 4MB/16MB, paused 106us total 385.149ms
06-22 19:13:26.372   640   657 I ndroid.systemu: NativeAlloc concurrent copying GC freed 973(114KB) AllocSpace objects, 0(0B) LOS objects, 68% free, 5MB/17MB, paused 130us total 244.843ms
06-22 19:13:26.411   459  2088 I OpenGLRenderer: Initialized EGL, version 1.4
06-22 19:13:26.411   459  2088 D OpenGLRenderer: Swap behavior 0
06-22 19:13:26.421   459  2088 D MALI    : eglCreateImageKHR:513: [Crop] 0 0 800 1280  img[800 1280] 
06-22 19:13:26.461   459   548 I InputReader: Reconfiguring input devices.  changes=0x00000010
06-22 19:13:26.600   972   972 I GeofencerStateMachine: removeGeofences: removeRequest=RemoveGeofencingRequest[REMOVE_ALL packageName=com.mgoogle.android.gms]
06-22 19:13:26.761   283   283 I wmt_launcher: fw log ctrl flag has been set
06-22 19:13:26.761   283   283 I wmt_launcher: fw dynamic ctrl flag has been set
06-22 19:13:26.776 23415 23426 I earchbox:searc: CollectorTransition concurrent copying GC freed 30984(1389KB) AllocSpace objects, 2(120KB) LOS objects, 68% free, 5MB/17MB, paused 47.535ms total 810.501ms
06-22 19:13:26.778   459  3182 W system_server: Long monitor contention with owner android.bg (473) at void com.android.server.accessibility.AccessibilityManagerService$1.onSomePackagesChanged()(AccessibilityManagerService.java:327) waiters=0 in long com.android.server.accessibility.AccessibilityManagerService.addClient(android.view.accessibility.IAccessibilityManagerClient, int) for 198ms
06-22 19:13:26.874   459   482 W WindowManager: Unable to start animation, surface is null or no children.
06-22 19:13:26.946 23415 23588 I GsaNativeCrashHandler: Loaded shared library: nativecrashreporter
06-22 19:13:26.968   972   982 I .gms.persisten: CollectorTransition concurrent copying GC freed 135353(7MB) AllocSpace objects, 28(744KB) LOS objects, 59% free, 8MB/20MB, paused 44.133ms total 998.880ms
06-22 19:13:27.307   972 23785 I Fitness : FitCleanupIntentOperation received Intent android.intent.action.PACKAGE_REMOVED [CONTEXT service_id=17 ]
06-22 19:13:27.368   459   473 W system_server: resources.arsc in APK '/data/app/com.maxmpz.audioplayer-LHOxwmcJXbBYjOEXVsJD4w==/base.apk' is compressed.
06-22 19:13:27.462   459   473 W system_server: resources.arsc in APK '/data/app/com.mixplorer-bFhaIt0WjAf_RmoIk3RgWQ==/base.apk' is compressed.
06-22 19:13:28.289   284  6891 I AUDIOALG: AEC: Vol 0, BeamIdx=0 NumActvRef 2
06-22 19:13:28.289   284  6891 I AUDIOALG: VoIP = 0, m_SpeakerSelect = 0, isUsingAdaptRef 0
06-22 19:13:28.289   284  6891 I AUDIOALG: Each number represents average ERLE number of 8 frames(4ms)
06-22 19:13:28.289   284  6891 I AUDIOALG: AEC ATTN (dB)
06-22 19:13:28.289   284  6891 I AUDIOALG:  0.00  0.00  0.00  0.00  0.00  0.00  0.00  0.00
06-22 19:13:28.289   284  6891 I AUDIOALG:  0.00  0.00  0.00  0.00  0.00  0.00  0.00  0.00
06-22 19:13:28.289   284  6891 I AUDIOALG:  0.00  0.00  0.00  0.00  0.00  0.00  0.00  0.00
06-22 19:13:28.289   284  6891 I AUDIOALG:  0.00  0.00  0.00  0.00  0.00  0.00  0.00  0.00
06-22 19:13:28.289   284  6891 I AUDIOALG:  0.00  0.00  0.00  0.00  0.00  0.00  0.00  0.00
06-22 19:13:28.289   284  6891 I AUDIOALG:  0.00  0.00  0.00  0.00  0.00  0.00  0.00  0.00
06-22 19:13:28.289   284  6891 I AUDIOALG:  0.00  0.00  0.00  0.00  0.00  0.00  0.00  0.00
06-22 19:13:28.289   284  6891 I AUDIOALG:  0.00  0.00  0.00  0.00  0.00  0.00  0.00  0.00
06-22 19:13:28.289   284  6891 I AUDIOALG:  0.00  0.00  0.00  0.00  0.00  0.00  0.00  0.00
06-22 19:13:28.289   284  6891 I AUDIOALG:  0.00  0.00  0.00  0.00  0.00  0.00  0.00  0.00
06-22 19:13:28.404 23415 23452 W earchbox:searc: resources.arsc in APK '/data/app/com.mixplorer-bFhaIt0WjAf_RmoIk3RgWQ==/base.apk' is compressed.
06-22 19:13:28.688   459  3672 W system_server: Long monitor contention with owner main (459) at void com.android.server.accounts.AccountManagerService.validateAccountsInternal(com.android.server.accounts.AccountManagerService$UserAccounts, boolean)(AccountManagerService.java:1125) waiters=0 in android.accounts.Account[] com.android.server.accounts.AccountManagerService.getAccountsFromCache(com.android.server.accounts.AccountManagerService$UserAccounts, java.lang.String, int, java.lang.String, boolean) for 1.146s
06-22 19:13:28.699   459   459 W Looper  : Slow dispatch took 2490ms main h=android.os.Handler c=android.content.pm.RegisteredServicesCache$4@8287687 m=0
06-22 19:13:28.713   972  1503 W .gms.persisten: Long monitor contention with owner Binder:972_3 (985) at android.database.sqlite.SQLiteConnection android.database.sqlite.SQLiteConnectionPool.waitForConnection(java.lang.String, int, android.os.CancellationSignal)(SQLiteConnectionPool.java:682) waiters=0 in void android.database.sqlite.SQLiteConnectionPool.releaseConnection(android.database.sqlite.SQLiteConnection) for 969ms
06-22 19:13:28.763   283   283 I wmt_launcher: fw log ctrl flag has been set
06-22 19:13:28.763   283   283 I wmt_launcher: fw dynamic ctrl flag has been set
06-22 19:13:28.764   972   972 W .gms.persisten: Long monitor contention with owner Thread-1175 (23796) at long android.database.sqlite.SQLiteConnection.nativeOpen(java.lang.String, int, java.lang.String, boolean, boolean, int, int)(SQLiteConnection.java:-2) waiters=0 in android.database.sqlite.SQLiteDatabase android.database.sqlite.SQLiteOpenHelper.getWritableDatabase() for 1.040s
06-22 19:13:29.091  9183  9821 E WorkSourceUtil: Could not find package: com.mgoogle.android.gms
06-22 19:13:29.150  9183  9338 I Icing   : doRemovePackageData com.mgoogle.android.gms
06-22 19:13:29.197  9183  9821 I Icing   : IndexChimeraService.getServiceInterface callingPackage=com.google.android.gms componentName=AppsCorpus serviceId=36
06-22 19:13:29.333  9183  9338 I GmsCoreXrpcWrapper: Returning a channel provider with trafficStatsTag=12803
06-22 19:13:29.514 23415 23452 W earchbox:searc: resources.arsc in APK '/data/app/com.facebook.katana-Lh4eDaxuWhBcJtrigpsBLw==/base.apk' is compressed.
06-22 19:13:29.571 23415 23452 W earchbox:searc: resources.arsc in APK '/data/app/com.facebook.katana-Lh4eDaxuWhBcJtrigpsBLw==/split_arservicesoptional.apk' is compressed.
06-22 19:13:29.585 23415 23452 W earchbox:searc: resources.arsc in APK '/data/app/com.facebook.katana-Lh4eDaxuWhBcJtrigpsBLw==/split_caffe2.apk' is compressed.
06-22 19:13:29.588 23415 23452 W earchbox:searc: resources.arsc in APK '/data/app/com.facebook.katana-Lh4eDaxuWhBcJtrigpsBLw==/split_caffe2pytorchsharedmodule.apk' is compressed.
06-22 19:13:29.600 23415 23452 W earchbox:searc: resources.arsc in APK '/data/app/com.facebook.katana-Lh4eDaxuWhBcJtrigpsBLw==/split_cgnativeplayer.apk' is compressed.
06-22 19:13:29.602   459   559 W system_server: Long monitor contention with owner NetworkStats (557) at void com.android.server.net.NetworkStatsService$4.onReceive(android.content.Context, android.content.Intent)(NetworkStatsService.java:1020) waiters=0 in void com.android.server.net.NetworkStatsService.setUidForeground(int, boolean) for 3.500s
06-22 19:13:29.602 23415 23452 W earchbox:searc: resources.arsc in APK '/data/app/com.facebook.katana-Lh4eDaxuWhBcJtrigpsBLw==/split_codegenerator.apk' is compressed.
06-22 19:13:29.603   459   558 W system_server: Long monitor contention with owner NetworkPolicy.uid (559) at void com.android.server.net.NetworkPolicyManagerService.handleUidChanged(int, int, long)(NetworkPolicyManagerService.java:4439) waiters=0 in boolean com.android.server.net.NetworkPolicyManagerService.isUidNetworkingBlockedInternal(int, boolean) for 3.501s
06-22 19:13:29.603   459   473 W system_server: Long monitor contention with owner NetworkPolicy.uid (559) at void com.android.server.net.NetworkPolicyManagerService.handleUidChanged(int, int, long)(NetworkPolicyManagerService.java:4439) waiters=1 in void com.android.server.net.NetworkPolicyManagerService$NetworkPolicyManagerInternalImpl.onTempPowerSaveWhitelistChange(int, boolean) for 1.234s
06-22 19:13:29.604   459  5730 W system_server: Long monitor contention with owner NetworkPolicy.uid (559) at void com.android.server.net.NetworkPolicyManagerService.handleUidChanged(int, int, long)(NetworkPolicyManagerService.java:4439) waiters=3 in boolean com.android.server.net.NetworkPolicyManagerService.isUidNetworkingBlockedInternal(int, boolean) for 398ms
06-22 19:13:29.604   459   459 W system_server: Long monitor contention with owner NetworkPolicy (558) at void com.android.server.job.controllers.ConnectivityController.updateTrackedJobs(int, android.net.Network)(ConnectivityController.java:244) waiters=0 in void com.android.server.job.JobSchedulerService$JobHandler.handleMessage(android.os.Message) for 905ms
06-22 19:13:29.604   459   459 W Looper  : Slow dispatch took 906ms main h=com.android.server.job.JobSchedulerService$JobHandler c=null m=4
06-22 19:13:29.605 23415 23452 W earchbox:searc: resources.arsc in APK '/data/app/com.facebook.katana-Lh4eDaxuWhBcJtrigpsBLw==/split_groupsadmin.apk' is compressed.
06-22 19:13:29.614 23415 23452 W earchbox:searc: resources.arsc in APK '/data/app/com.facebook.katana-Lh4eDaxuWhBcJtrigpsBLw==/split_rtc.apk' is compressed.
06-22 19:13:29.640 23415 23452 W earchbox:searc: resources.arsc in APK '/data/app/com.facebook.katana-Lh4eDaxuWhBcJtrigpsBLw==/split_slam.apk' is compressed.
06-22 19:13:29.646 23415 23452 W earchbox:searc: resources.arsc in APK '/data/app/com.facebook.katana-Lh4eDaxuWhBcJtrigpsBLw==/split_streamingsdk.apk' is compressed.
06-22 19:13:29.682 23415 23452 W earchbox:searc: resources.arsc in APK '/data/app/com.facebook.orca-0QGmCl4UvCHmjFDI253bmg==/base.apk' is compressed.
06-22 19:13:29.703   459   561 D WifiConfigManager: Remove all networks for app ApplicationInfo{3f22c13 com.mgoogle.android.gms}
06-22 19:13:29.730   459   459 W Looper  : Drained
06-22 19:13:29.828   459   476 I ActivityManager: Start proc 23802:com.android.vending/u0a29 for broadcast com.android.vending/com.google.android.finsky.packagemanager.impl.PackageMonitorReceiverImpl$RegisteredReceiver
06-22 19:13:29.845  9183 23789 W DriveInitializer: Awaiting to be initialized
06-22 19:13:29.871  9183  9721 I Icing   : IndexChimeraService.getServiceInterface callingPackage=com.google.android.gms componentName=null serviceId=30
06-22 19:13:29.932 23802 23802 I Zygote  : seccomp disabled by setenforce 0
06-22 19:13:29.970 23415 23452 W earchbox:searc: resources.arsc in APK '/data/app/com.instagram.android-edU1AIyAUotFhjDPL00Cfg==/base.apk' is compressed.
06-22 19:13:30.057 23802 23802 E android.vendin: Not starting debugger since process cannot load the jdwp agent.
06-22 19:13:30.185 23415 23452 W earchbox:searc: resources.arsc in APK '/data/app/com.matteljv.uno-AUJ-IsdVxxfmjVbZyYYI2Q==/base.apk' is compressed.
06-22 19:13:30.185   285   285 E lowmemorykiller: Error writing /proc/23702/oom_score_adj; errno=22
06-22 19:13:30.218 23415 23452 W earchbox:searc: resources.arsc in APK '/data/app/com.maxmpz.audioplayer-LHOxwmcJXbBYjOEXVsJD4w==/base.apk' is compressed.
06-22 19:13:30.261   459  3211 I ActivityManager: Process com.google.android.packageinstaller (pid 23702) has died: cch+2CEM 
06-22 19:13:30.262   459   477 W libprocessgroup: kill(-23702, 9) failed: No such process
06-22 19:13:30.262   246   246 I Zygote  : Process 23702 exited due to signal (9)
06-22 19:13:30.262   459   477 I libprocessgroup: Successfully killed process cgroup uid 10023 pid 23702 in 0ms
06-22 19:13:30.278   459   482 W ActivityManager: setHasOverlayUi called on unknown pid: 23702
06-22 19:13:30.312 23415 23452 W earchbox:searc: resources.arsc in APK '/data/app/com.maxmpz.audioplayer.unlock-4GFZMt4dqZM23jQ3kWCXyA==/base.apk' is compressed.
06-22 19:13:30.725   459  3211 I ActivityManager: Process com.google.android.apps.turbo (pid 23621) has died: cch+6CEM 
06-22 19:13:30.725   459   477 W libprocessgroup: kill(-23621, 9) failed: No such process
06-22 19:13:30.725   459   477 I libprocessgroup: Successfully killed process cgroup uid 10044 pid 23621 in 0ms
06-22 19:13:30.725   246   246 I Zygote  : Process 23621 exited due to signal (9)
06-22 19:13:30.763   283   283 I wmt_launcher: fw log ctrl flag has been set
06-22 19:13:30.763   283   283 I wmt_launcher: fw dynamic ctrl flag has been set
06-22 19:13:30.849   284  6891 I AUDIOALG: AEC: Vol 0, BeamIdx=0 NumActvRef 2
06-22 19:13:30.849   284  6891 I AUDIOALG: VoIP = 0, m_SpeakerSelect = 0, isUsingAdaptRef 0
06-22 19:13:30.849   284  6891 I AUDIOALG: Each number represents average ERLE number of 8 frames(4ms)
06-22 19:13:30.849   284  6891 I AUDIOALG: AEC ATTN (dB)
06-22 19:13:30.849   284  6891 I AUDIOALG:  0.00  0.00  0.00  0.00  0.00  0.00  0.00  0.00
06-22 19:13:30.849   284  6891 I AUDIOALG:  0.00  0.00  0.00  0.00  0.00  0.00  0.00  0.00
06-22 19:13:30.849   284  6891 I AUDIOALG:  0.00  0.00  0.00  0.00  0.00  0.00  0.00  0.00
06-22 19:13:30.849   284  6891 I AUDIOALG:  0.00  0.00  0.00  0.00  0.00  0.00  0.00  0.00
06-22 19:13:30.849   284  6891 I AUDIOALG:  0.00  0.00  0.00  0.00  0.00  0.00  0.00  0.00
06-22 19:13:30.849   284  6891 I AUDIOALG:  0.00  0.00  0.00  0.00  0.00  0.00  0.00  0.00
06-22 19:13:30.849   284  6891 I AUDIOALG:  0.00  0.00  0.00  0.00  0.00  0.00  0.00  0.00
06-22 19:13:30.849   284  6891 I AUDIOALG:  0.00  0.00  0.00  0.00  0.00  0.00  0.00  0.00
06-22 19:13:30.849   284  6891 I AUDIOALG:  0.00  0.00  0.00  0.00  0.00  0.00  0.00  0.00
06-22 19:13:30.849   284  6891 I AUDIOALG:  0.00  0.00  0.00  0.00  0.00  0.00  0.00  0.00
06-22 19:13:30.957  4237  4237 I AppBase : AppBase.onTrimMemory():615 onTrimMemory(): 15
06-22 19:13:30.992  4237  4237 I GoogleInputMethodService: GoogleInputMethodService.onTrimMemory():4225 onTrimMemory(): 15
06-22 19:13:31.004 23802 23802 I Finsky  : [2] ebc.aX(5): Process created at version: 20.4.29-all [0] [PR] 314817885
06-22 19:13:31.248 23415 23415 I WorkerManager: Unloading disused workers
06-22 19:13:31.373 23745 23774 I oid.documentsu: Waiting for a blocking GC ProfileSaver
06-22 19:13:31.472  9183 23799 I ContentMaintenance: Internal cache bytes used: 0; limit: 100000000; download size: 0
06-22 19:13:31.508 23745 23774 I oid.documentsu: WaitForGcToComplete blocked ProfileSaver on AddRemoveAppImageSpace for 134.102ms
06-22 19:13:31.564  9183 23799 I RealtimeCacheCleanup: Beginning Realtime garbage collection.
06-22 19:13:31.747  9183  9338 I Icing   : Usage reports ok 2, Failed Usage reports 0, indexed 0, rejected 0
06-22 19:13:31.895  9183  9338 I GmsCoreXrpcWrapper: Returning a channel provider with trafficStatsTag=12803
06-22 19:13:31.899  9183 23799 I RealtimeCacheCleanup: Finished Realtime garbage collection.
06-22 19:13:31.900  9183  9343 I PinnedContentDownloader: Finished downloading pinned content.
06-22 19:13:31.936  9183  9338 I Icing   : Usage reports ok 0, Failed Usage reports 0, indexed 0, rejected 0
06-22 19:13:32.088  9183  9338 I Icing   : Indexing com.google.android.gms-apps from com.google.android.gms
06-22 19:13:32.179 23802 23828 I Finsky  : [14055] thj.a(28): Started reading experiment flags from file [0tGUNCGIkbk4o6-fQ335kUYSKwVj4lusnHT-A5Dsy08].
06-22 19:13:32.221  9183  9338 I Icing   : Indexing done com.google.android.gms-apps
06-22 19:13:32.244   459   755 E LightsService: Light requested not available on this device. 2
06-22 19:13:32.245 23802 23828 I Finsky  : [14055] thj.a(43): Finished reading experiment flags from file [0tGUNCGIkbk4o6-fQ335kUYSKwVj4lusnHT-A5Dsy08].
06-22 19:13:32.407 23802 23828 I Finsky  : [14055] thj.a(28): Started reading experiment flags from file [z5tb42xzJkKyIE-zV-amFKVeZXG_Q74kw1cpFZVL6OI].
06-22 19:13:32.414   459   547 E LightsService: Light requested not available on this device. 2
06-22 19:13:32.421 23802 23828 I Finsky  : [14055] thj.a(43): Finished reading experiment flags from file [z5tb42xzJkKyIE-zV-amFKVeZXG_Q74kw1cpFZVL6OI].
06-22 19:13:32.619 23802 23802 I Finsky  : [2] thj.a(28): Started reading experiment flags from file [Se-xCc4LzNyh3UrKMIU2sUf-PUKz4oQEbpKZDMuaFno].
06-22 19:13:32.631 23802 23802 I Finsky  : [2] thj.a(43): Finished reading experiment flags from file [Se-xCc4LzNyh3UrKMIU2sUf-PUKz4oQEbpKZDMuaFno].
06-22 19:13:32.675   640   640 V StatusBar: mStatusBarWindow: com.android.systemui.statusbar.phone.StatusBarWindowView{61e86e9 V.ED..... ........ 0,0-800,32} canPanelBeCollapsed(): false
06-22 19:13:32.762   459  3492 I ActivityManager: START u0 {act=android.intent.action.MAIN cat=[android.intent.category.HOME] flg=0x10000000 cmp=ch.deletescape.lawnchair.plah/ch.deletescape.lawnchair.LawnchairLauncher (has extras)} from uid 10093
06-22 19:13:32.766   283   283 I wmt_launcher: fw log ctrl flag has been set
06-22 19:13:32.766   283   283 I wmt_launcher: fw dynamic ctrl flag has been set
06-22 19:13:32.825  1166  1166 D Launcher.Utilities: onLauncherStart: 0
06-22 19:13:32.830 23415 23483 D mali_winsys: EGLint new_window_surface(egl_winsys_display*, void*, EGLSurface, EGLConfig, egl_winsys_surface**, egl_color_buffer_format*, EGLBoolean) returns 0x3000
06-22 19:13:32.872   286   988 D SurfaceFlinger: duplicate layer name: changing ch.deletescape.lawnchair.plah/ch.deletescape.lawnchair.LawnchairLauncher to ch.deletescape.lawnchair.plah/ch.deletescape.lawnchair.LawnchairLauncher#1
06-22 19:13:32.883  1154  1154 W System.err: java.lang.NullPointerException: Attempt to invoke interface method 'java.lang.String java.lang.CharSequence.toString()' on a null object reference
06-22 19:13:32.884  1166  1353 D mali_winsys: EGLint new_window_surface(egl_winsys_display*, void*, EGLSurface, EGLConfig, egl_winsys_surface**, egl_color_buffer_format*, EGLBoolean) returns 0x3000
06-22 19:13:32.887  1154  1154 W System.err: 	at a.fn.onAccessibilityEvent(Unknown Source:7)
06-22 19:13:32.887  1154  1154 W System.err: 	at android.accessibilityservice.AccessibilityService$2.onAccessibilityEvent(AccessibilityService.java:1538)
06-22 19:13:32.887  1154  1154 W System.err: 	at android.accessibilityservice.AccessibilityService$IAccessibilityServiceClientWrapper.executeMessage(AccessibilityService.java:1724)
06-22 19:13:32.887  1154  1154 W System.err: 	at com.android.internal.os.HandlerCaller$MyHandler.handleMessage(HandlerCaller.java:37)
06-22 19:13:32.888  1154  1154 W System.err: 	at android.os.Handler.dispatchMessage(Handler.java:106)
06-22 19:13:32.888  1154  1154 W System.err: 	at android.os.Looper.loop(Looper.java:193)
06-22 19:13:32.888  1154  1154 W System.err: 	at android.app.ActivityThread.main(ActivityThread.java:6718)
06-22 19:13:32.888  1154  1154 W System.err: 	at java.lang.reflect.Method.invoke(Native Method)
06-22 19:13:32.888  1154  1154 W System.err: 	at com.android.internal.os.RuntimeInit$MethodAndArgsCaller.run(RuntimeInit.java:491)
06-22 19:13:32.888  1154  1154 W System.err: 	at com.android.internal.os.ZygoteInit.main(ZygoteInit.java:858)
06-22 19:13:33.096   286   286 D MALI    : eglCreateImageKHR:513: [Crop] 0 0 800 1280  img[800 1280] 
06-22 19:13:33.099   286   286 D MALI    : eglCreateImageKHR:513: [Crop] 0 0 800 1280  img[800 1280] 
06-22 19:13:33.176   246   246 I Zygote  : Process 23733 exited due to signal (9)
06-22 19:13:33.189   459  3492 I ActivityManager: Process com.android.defcontainer (pid 23733) has died: cch+4CEM 
06-22 19:13:33.191   459   477 W libprocessgroup: kill(-23733, 9) failed: No such process
06-22 19:13:33.192   459   477 I libprocessgroup: Successfully killed process cgroup uid 10024 pid 23733 in 0ms
06-22 19:13:33.249  1166  1353 D MALI    : eglCreateImageKHR:513: [Crop] 0 0 800 1280  img[800 1280] 
06-22 19:13:33.253  1166  1190 I .lawnchair.pla: NativeAlloc concurrent copying GC freed 12844(526KB) AllocSpace objects, 0(0B) LOS objects, 62% free, 7MB/19MB, paused 22.837ms total 561.753ms
06-22 19:13:33.307  1166  1353 D MALI    : eglCreateImageKHR:513: [Crop] 0 0 800 1280  img[800 1280] 
06-22 19:13:33.316  1166  1188 W System  : A resource failed to call release. 
06-22 19:13:33.317  1166  1188 I chatty  : uid=10093(ch.deletescape.lawnchair.plah) FinalizerDaemon identical 4 lines
06-22 19:13:33.317  1166  1188 W System  : A resource failed to call release. 
06-22 19:13:33.321  1166  1353 D MALI    : eglCreateImageKHR:513: [Crop] 0 0 800 1280  img[800 1280] 
06-22 19:13:33.329   286   286 W [MALI][Gralloc-Warning]: int gralloc_register_buffer(const gralloc_module_t *, buffer_handle_t):99 Registering handle 0xe2672980 coming from the same process: 286.
06-22 19:13:33.329   286   286 W [MALI][Gralloc-Warning]: int gralloc_register_buffer(const gralloc_module_t *, buffer_handle_t):99 Registering handle 0xe2672bc0 coming from the same process: 286.
06-22 19:13:33.341   286   286 W [MALI][Gralloc-Warning]: int gralloc_register_buffer(const gralloc_module_t *, buffer_handle_t):99 Registering handle 0xe2672c80 coming from the same process: 286.
06-22 19:13:33.342   286   286 D MALI    : eglCreateImageKHR:513: [Crop] 0 0 800 1280  img[800 1280] 
06-22 19:13:33.355   286   286 W [MALI][Gralloc-Warning]: int gralloc_register_buffer(const gralloc_module_t *, buffer_handle_t):99 Registering handle 0xe2672d40 coming from the same process: 286.
06-22 19:13:33.407 23802 23802 I Finsky  : [2] wbh.<init>(20): Resetting scheduler db
06-22 19:13:33.412   284  6891 I AUDIOALG: AEC: Vol 0, BeamIdx=0 NumActvRef 2
06-22 19:13:33.413   284  6891 I AUDIOALG: VoIP = 0, m_SpeakerSelect = 0, isUsingAdaptRef 0
06-22 19:13:33.413   284  6891 I AUDIOALG: Each number represents average ERLE number of 8 frames(4ms)
06-22 19:13:33.413   284  6891 I AUDIOALG: AEC ATTN (dB)
06-22 19:13:33.413   284  6891 I AUDIOALG:  0.00  0.00  0.00  0.00  0.00  0.00  0.00  0.00
06-22 19:13:33.413   284  6891 I AUDIOALG:  0.00  0.00  0.00  0.00  0.00  0.00  0.00  0.00
06-22 19:13:33.413   284  6891 I AUDIOALG:  0.00  0.00  0.00  0.00  0.00  0.00  0.00  0.00
06-22 19:13:33.413   284  6891 I AUDIOALG:  0.00  0.00  0.00  0.00  0.00  0.00  0.00  0.00
06-22 19:13:33.413   284  6891 I AUDIOALG:  0.00  0.00  0.00  0.00  0.00  0.00  0.00  0.00
06-22 19:13:33.413   284  6891 I AUDIOALG:  0.00  0.00  0.00  0.00  0.00  0.00  0.00  0.00
06-22 19:13:33.413   284  6891 I AUDIOALG:  0.00  0.00  0.00  0.00  0.00  0.00  0.00  0.00
06-22 19:13:33.413   284  6891 I AUDIOALG:  0.00  0.00  0.00  0.00  0.00  0.00  0.00  0.00
06-22 19:13:33.413   284  6891 I AUDIOALG:  0.00  0.00  0.00  0.00  0.00  0.00  0.00  0.00
06-22 19:13:33.413   284  6891 I AUDIOALG:  0.00  0.00  0.00  0.00  0.00  0.00  0.00  0.00
06-22 19:13:33.459 23626 23626 W .vanced.manage: Verification of void androidx.customview.view.AbsSavedState.<clinit>() took 113.330ms
06-22 19:13:33.723   640   657 I ndroid.systemu: NativeAlloc concurrent copying GC freed 1348(160KB) AllocSpace objects, 0(0B) LOS objects, 68% free, 5MB/17MB, paused 38.849ms total 548.241ms
06-22 19:13:33.778 23415 23457 W ThreadPoolDumper: Queue length for executor EventBus is now 11. Perhaps some tasks are too long, or the pool is too small.
06-22 19:13:33.799 23802 23826 I Finsky  : [14053] ebc.O(6): Not a unicorn account
06-22 19:13:33.895   459  2088 I OpenGLRenderer: Initialized EGL, version 1.4
06-22 19:13:33.895   459  2088 D OpenGLRenderer: Swap behavior 0
06-22 19:13:33.934 23802 23826 I Finsky  : [14053] ssb.<init>(5): PackageMonitor - Registering in memory receiver for android.intent.action.PACKAGE_ADDED and android.intent.action.PACKAGE_REMOVED
06-22 19:13:34.061 23802 23826 I Finsky  : [14053] aama.a(2): Disable SystemUpdateActivity, because Android is lower than Q
06-22 19:13:34.063 23802 23843 I Finsky  : [14067] aalz.run(4): Set SystemUpdateActivity enabled state to 2
06-22 19:13:34.181   459  3492 D ConnectivityService: requestNetwork for uid/pid:10029/23802 NetworkRequest [ TRACK_DEFAULT id=2195, [ Capabilities: INTERNET&NOT_RESTRICTED&TRUSTED Unwanted:  Uid: 10029] ]
06-22 19:13:34.181   459   561 D WIFI    : got request NetworkRequest [ TRACK_DEFAULT id=2195, [ Capabilities: INTERNET&NOT_RESTRICTED&TRUSTED Unwanted:  Uid: 10029] ] with score 60
06-22 19:13:34.181   459   596 D Ethernet: got request NetworkRequest [ TRACK_DEFAULT id=2195, [ Capabilities: INTERNET&NOT_RESTRICTED&TRUSTED Unwanted:  Uid: 10029] ] with score 60
06-22 19:13:34.181   459   561 D WIFI_UT : got request NetworkRequest [ TRACK_DEFAULT id=2195, [ Capabilities: INTERNET&NOT_RESTRICTED&TRUSTED Unwanted:  Uid: 10029] ] with score 60
06-22 19:13:34.194  1166  1353 D MALI    : eglCreateImageKHR:513: [Crop] 0 0 800 1280  img[800 1280] 
06-22 19:13:34.198   760   760 D PhoneSwitcherNetworkRequstListener: got request NetworkRequest [ TRACK_DEFAULT id=2195, [ Capabilities: INTERNET&NOT_RESTRICTED&TRUSTED Unwanted:  Uid: 10029] ] with score 60
06-22 19:13:34.448   459  2088 D MALI    : eglCreateImageKHR:513: [Crop] 0 0 800 1280  img[800 1280] 
06-22 19:13:34.474 23802 23827 I cr_CronetLibraryLoader: Cronet version: 84.0.4147.12, arch: armv8l
06-22 19:13:34.647   459  3211 W system_server: Long monitor contention with owner main (459) at void com.android.server.notification.RankingHelper.writeXml(org.xmlpull.v1.XmlSerializer, boolean)(RankingHelper.java:398) waiters=0 in com.android.server.notification.RankingHelper$Record com.android.server.notification.RankingHelper.getRecord(java.lang.String, int) for 545ms
06-22 19:13:34.768   283   283 I wmt_launcher: fw log ctrl flag has been set
06-22 19:13:34.768   283   283 I wmt_launcher: fw dynamic ctrl flag has been set
06-22 19:13:34.804   459  3492 I ActivityManager: Process com.android.keychain (pid 23740) has died: cch+2CEM 
06-22 19:13:34.805   459   477 W libprocessgroup: kill(-23740, 9) failed: No such process
06-22 19:13:34.805   459   477 I libprocessgroup: Successfully killed process cgroup uid 1000 pid 23740 in 0ms
06-22 19:13:34.805   246   246 I Zygote  : Process 23740 exited due to signal (9)
06-22 19:13:34.865   459   459 W Looper  : Slow dispatch took 800ms main h=com.android.server.notification.NotificationManagerService$WorkerHandler c=null m=3
06-22 19:13:34.865   459   459 W Looper  : Slow delivery took 800ms main h=com.android.server.notification.NotificationManagerService$WorkerHandler c=com.android.server.notification.NotificationManagerService$16@750733f m=0
06-22 19:13:34.888 23415 23415 I BgTaskExecutorImpl: Starting EXCLUSIVE background task TNG_MINUS_ONE_SYNC.
06-22 19:13:34.907   459  3492 I ActivityManager: Process com.android.documentsui (pid 23745) has died: cch  CEM 
06-22 19:13:34.907   459   477 W libprocessgroup: kill(-23745, 9) failed: No such process
06-22 19:13:34.907   459   477 I libprocessgroup: Successfully killed process cgroup uid 10014 pid 23745 in 0ms
06-22 19:13:34.908   246   246 I Zygote  : Process 23745 exited due to signal (9)
06-22 19:13:34.912 23802 23826 W Settings: Setting download_manager_max_bytes_over_mobile has moved from android.provider.Settings.Secure to android.provider.Settings.Global.
06-22 19:13:34.948 23802 23826 I Finsky  : [14053] rpq.a(4): SettingNotFoundException, fall through to G.downloadBytesOverMobileMaximum
06-22 19:13:34.948 23802 23826 W Settings: Setting download_manager_recommended_max_bytes_over_mobile has moved from android.provider.Settings.Secure to android.provider.Settings.Global.
06-22 19:13:34.949 23802 23826 I Finsky  : [14053] rpq.a(9): SettingNotFoundException, fall through to G.downloadBytesOverMobileRecommended
06-22 19:13:35.038   286   286 W [MALI][Gralloc-Warning]: int gralloc_register_buffer(const gralloc_module_t *, buffer_handle_t):99 Registering handle 0xe2671600 coming from the same process: 286.
06-22 19:13:35.040   286   286 D MALI    : eglCreateImageKHR:513: [Crop] 0 0 800 1280  img[800 1280] 
06-22 19:13:35.090  1087  1436 W NamedFutures: Timeout future task has been cancelled: 9000 milliseconds
06-22 19:13:35.146 12164 12202 D mali_winsys: EGLint new_window_surface(egl_winsys_display*, void*, EGLSurface, EGLConfig, egl_winsys_surface**, egl_color_buffer_format*, EGLBoolean) returns 0x3000
06-22 19:13:35.180   459   459 W Looper  : Slow dispatch took 304ms main h=com.android.server.notification.NotificationManagerService$WorkerHandler c=null m=3
06-22 19:13:35.183   459   459 W Looper  : Drained
06-22 19:13:35.193  1087  1087 E SearchServiceStarter: Task 174 failed or timed out. Client 4782269289487433 disconnecting from SearchService!
06-22 19:13:35.193  1087  1087 E SearchServiceStarter: java.util.concurrent.CancellationException: Task was cancelled.
